Archive member included because of file (symbol)

c:/program files (x86)/atmel/atmel toolchain/avr8 gcc/native/3.4.2.939/avr8-gnu-toolchain/bin/../lib/gcc/avr/4.7.2/avrxmega4\libgcc.a(_divmodhi4.o)
                              src/configurations/keyboard_mouse.o (__divmodhi4)
c:/program files (x86)/atmel/atmel toolchain/avr8 gcc/native/3.4.2.939/avr8-gnu-toolchain/bin/../lib/gcc/avr/4.7.2/avrxmega4\libgcc.a(_udivmodsi4.o)
                              src/RGB_LED.o (__udivmodsi4)
c:/program files (x86)/atmel/atmel toolchain/avr8 gcc/native/3.4.2.939/avr8-gnu-toolchain/bin/../lib/gcc/avr/4.7.2/avrxmega4\libgcc.a(_exit.o)
                              c:/program files (x86)/atmel/atmel toolchain/avr8 gcc/native/3.4.2.939/avr8-gnu-toolchain/bin/../lib/gcc/avr/4.7.2/../../../../avr/lib/avrxmega4/crtx64d3.o (exit)
c:/program files (x86)/atmel/atmel toolchain/avr8 gcc/native/3.4.2.939/avr8-gnu-toolchain/bin/../lib/gcc/avr/4.7.2/avrxmega4\libgcc.a(_copy_data.o)
                              src/buttons.o (__do_copy_data)
c:/program files (x86)/atmel/atmel toolchain/avr8 gcc/native/3.4.2.939/avr8-gnu-toolchain/bin/../lib/gcc/avr/4.7.2/avrxmega4\libgcc.a(_clear_bss.o)
                              src/analog.o (__do_clear_bss)
c:/program files (x86)/atmel/atmel toolchain/avr8 gcc/native/3.4.2.939/avr8-gnu-toolchain/bin/../lib/gcc/avr/4.7.2/avrxmega4\libgcc.a(_umulhisi3.o)
                              src/RGB_LED.o (__umulhisi3)
c:/program files (x86)/atmel/atmel toolchain/avr8 gcc/native/3.4.2.939/avr8-gnu-toolchain/bin/../lib/gcc/avr/4.7.2/avrxmega4\libgcc.a(_udivmodhi4.o)
                              c:/program files (x86)/atmel/atmel toolchain/avr8 gcc/native/3.4.2.939/avr8-gnu-toolchain/bin/../lib/gcc/avr/4.7.2/avrxmega4\libgcc.a(_divmodhi4.o) (__udivmodhi4)
c:/program files (x86)/atmel/atmel toolchain/avr8 gcc/native/3.4.2.939/avr8-gnu-toolchain/bin/../lib/gcc/avr/4.7.2/../../../../avr/lib/avrxmega4\libc.a(memchr.o)
                              src/configurations/keyboard.o (memchr)
c:/program files (x86)/atmel/atmel toolchain/avr8 gcc/native/3.4.2.939/avr8-gnu-toolchain/bin/../lib/gcc/avr/4.7.2/../../../../avr/lib/avrxmega4\libc.a(memcpy.o)
                              src/asf/xmega/drivers/nvm/nvm.o (memcpy)
c:/program files (x86)/atmel/atmel toolchain/avr8 gcc/native/3.4.2.939/avr8-gnu-toolchain/bin/../lib/gcc/avr/4.7.2/../../../../avr/lib/avrxmega4\libc.a(strcmp.o)
                              src/comm.o (strcmp)
c:/program files (x86)/atmel/atmel toolchain/avr8 gcc/native/3.4.2.939/avr8-gnu-toolchain/bin/../lib/gcc/avr/4.7.2/../../../../avr/lib/avrxmega4\libc.a(printf.o)
                              src/ManufactureValidation.o (printf)
c:/program files (x86)/atmel/atmel toolchain/avr8 gcc/native/3.4.2.939/avr8-gnu-toolchain/bin/../lib/gcc/avr/4.7.2/../../../../avr/lib/avrxmega4\libc.a(sprintf.o)
                              src/ManufactureValidation.o (sprintf)
c:/program files (x86)/atmel/atmel toolchain/avr8 gcc/native/3.4.2.939/avr8-gnu-toolchain/bin/../lib/gcc/avr/4.7.2/../../../../avr/lib/avrxmega4\libc.a(vfprintf_std.o)
                              c:/program files (x86)/atmel/atmel toolchain/avr8 gcc/native/3.4.2.939/avr8-gnu-toolchain/bin/../lib/gcc/avr/4.7.2/../../../../avr/lib/avrxmega4\libc.a(printf.o) (vfprintf)
c:/program files (x86)/atmel/atmel toolchain/avr8 gcc/native/3.4.2.939/avr8-gnu-toolchain/bin/../lib/gcc/avr/4.7.2/../../../../avr/lib/avrxmega4\libc.a(strnlen_P.o)
                              c:/program files (x86)/atmel/atmel toolchain/avr8 gcc/native/3.4.2.939/avr8-gnu-toolchain/bin/../lib/gcc/avr/4.7.2/../../../../avr/lib/avrxmega4\libc.a(vfprintf_std.o) (strnlen_P)
c:/program files (x86)/atmel/atmel toolchain/avr8 gcc/native/3.4.2.939/avr8-gnu-toolchain/bin/../lib/gcc/avr/4.7.2/../../../../avr/lib/avrxmega4\libc.a(strnlen.o)
                              c:/program files (x86)/atmel/atmel toolchain/avr8 gcc/native/3.4.2.939/avr8-gnu-toolchain/bin/../lib/gcc/avr/4.7.2/../../../../avr/lib/avrxmega4\libc.a(vfprintf_std.o) (strnlen)
c:/program files (x86)/atmel/atmel toolchain/avr8 gcc/native/3.4.2.939/avr8-gnu-toolchain/bin/../lib/gcc/avr/4.7.2/../../../../avr/lib/avrxmega4\libc.a(fputc.o)
                              c:/program files (x86)/atmel/atmel toolchain/avr8 gcc/native/3.4.2.939/avr8-gnu-toolchain/bin/../lib/gcc/avr/4.7.2/../../../../avr/lib/avrxmega4\libc.a(vfprintf_std.o) (fputc)
c:/program files (x86)/atmel/atmel toolchain/avr8 gcc/native/3.4.2.939/avr8-gnu-toolchain/bin/../lib/gcc/avr/4.7.2/../../../../avr/lib/avrxmega4\libc.a(iob.o)
                              c:/program files (x86)/atmel/atmel toolchain/avr8 gcc/native/3.4.2.939/avr8-gnu-toolchain/bin/../lib/gcc/avr/4.7.2/../../../../avr/lib/avrxmega4\libc.a(printf.o) (__iob)
c:/program files (x86)/atmel/atmel toolchain/avr8 gcc/native/3.4.2.939/avr8-gnu-toolchain/bin/../lib/gcc/avr/4.7.2/../../../../avr/lib/avrxmega4\libc.a(ultoa_invert.o)
[...]
Memory Configuration

Name             Origin             Length             Attributes
text             0x00000000         0x00100000         xr
data             0x00802000         0x0000ffa0         rw !x
eeprom           0x00810000         0x00010000         rw !x
fuse             0x00820000         0x00000400         rw !x
lock             0x00830000         0x00000400         rw !x
signature        0x00840000         0x00000400         rw !x
user_signatures  0x00850000         0x00000400         rw !x
*default*        0x00000000         0xffffffff

Linker script and memory map

LOAD c:/program files (x86)/atmel/atmel toolchain/avr8 gcc/native/3.4.2.939/avr8-gnu-toolchain/bin/../lib/gcc/avr/4.7.2/../../../../avr/lib/avrxmega4/crtx64d3.o
LOAD src/analog.o
LOAD src/asf/common/boards/user_board/init.o
LOAD src/battery_charger.o
LOAD src/bios.o
LOAD src/buttons.o
LOAD src/configurations/keyboard_ios.o
LOAD src/circular_buffer.o
LOAD src/comm.o
LOAD src/configurations.o
LOAD src/configurations/gamepad.o
LOAD src/configurations/j_stick.o
LOAD src/configurations/keyboard.o
LOAD src/configurations/keyboard_mouse.o
LOAD src/configurations/usb_serial.o
LOAD src/debug.o
LOAD src/drone_gamepad_config.o
LOAD src/drone_game_configurations.o
LOAD src/drone_gsrs_config.o
LOAD src/drone_gtel_config.o
LOAD src/drone_gtel_ios_config.o
LOAD src/drone_icp_config.o
LOAD src/drone_ios_config.o
LOAD src/drone_joystick_config.o
LOAD src/drone_keyboard_config.o
LOAD src/drone_keyboard_mouse_config.o
LOAD src/drone_ssf_arcade_config.o
LOAD src/joysticks.o
LOAD src/ManufactureValidation.o
LOAD src/powerControl.o
LOAD src/RGB_LED.o
LOAD src/shared.o
LOAD src/strings.o
LOAD src/system_time.o
LOAD src/systick.o
LOAD src/usb.o
LOAD src/watchdog.o
LOAD src/asf/common/services/clock/xmega/sysclk.o
LOAD src/asf/common/services/ioport/xmega/ioport_compat.o
LOAD src/asf/common/services/serial/usart_serial.o
LOAD src/asf/common/services/sleepmgr/xmega/sleepmgr.o
LOAD src/asf/xmega/drivers/adc/adc.o
LOAD src/asf/xmega/drivers/adc/xmega_bcd/adc_bcd.o
LOAD src/asf/xmega/drivers/cpu/ccp.o
LOAD src/asf/xmega/drivers/nvm/nvm.o
LOAD src/asf/xmega/drivers/nvm/nvm_asm.o
LOAD src/asf/xmega/drivers/tc/tc.o
LOAD src/asf/xmega/drivers/usart/usart.o
LOAD src/asf/xmega/drivers/wdt/wdt.o
LOAD src/asf/xmega/services/pwm/pwm.o
LOAD src/bluetooth.o
LOAD src/main.o
START GROUP
END GROUP
LOAD c:/program files (x86)/atmel/atmel toolchain/avr8 gcc/native/3.4.2.939/avr8-gnu-toolchain/bin/../lib/gcc/avr/4.7.2/avrxmega4\libgcc.a
LOAD c:/program files (x86)/atmel/atmel toolchain/avr8 gcc/native/3.4.2.939/avr8-gnu-toolchain/bin/../lib/gcc/avr/4.7.2/../../../../avr/lib/avrxmega4\libc.a
LOAD c:/program files (x86)/atmel/atmel toolchain/avr8 gcc/native/3.4.2.939/avr8-gnu-toolchain/bin/../lib/gcc/avr/4.7.2/avrxmega4\libgcc.a

.hash
 *(.hash)

.dynsym
 *(.dynsym)

.dynstr
 *(.dynstr)

.gnu.version
 *(.gnu.version)

.gnu.version_d
 *(.gnu.version_d)

.gnu.version_r
 *(.gnu.version_r)

.rel.init
 *(.rel.init)

.rela.init
 *(.rela.init)

.rel.text
 *(.rel.text)
 *(.rel.text.*)
 *(.rel.gnu.linkonce.t*)

.rela.text
 *(.rela.text)
 *(.rela.text.*)
 *(.rela.gnu.linkonce.t*)

.rel.fini
 *(.rel.fini)

.rela.fini
 *(.rela.fini)

.rel.rodata
 *(.rel.rodata)
 *(.rel.rodata.*)
 *(.rel.gnu.linkonce.r*)

.rela.rodata
 *(.rela.rodata)
 *(.rela.rodata.*)
 *(.rela.gnu.linkonce.r*)

.rel.data
 *(.rel.data)
 *(.rel.data.*)
 *(.rel.gnu.linkonce.d*)

.rela.data
 *(.rela.data)
 *(.rela.data.*)
 *(.rela.gnu.linkonce.d*)

.rel.ctors
 *(.rel.ctors)

.rela.ctors
 *(.rela.ctors)

.rel.dtors
 *(.rel.dtors)

.rela.dtors
 *(.rela.dtors)

.rel.got
 *(.rel.got)

.rela.got
 *(.rela.got)

.rel.bss
 *(.rel.bss)

.rela.bss
 *(.rela.bss)

.rel.plt
 *(.rel.plt)

.rela.plt
 *(.rela.plt)

.text           0x00000000     0x42f2
 *(.vectors)
 .vectors       0x00000000      0x1c8 c:/program files (x86)/atmel/atmel toolchain/avr8 gcc/native/3.4.2.939/avr8-gnu-toolchain/bin/../lib/gcc/avr/4.7.2/../../../../avr/lib/avrxmega4/crtx64d3.o
                0x00000000                __vector_default
                0x00000000                __vectors
 *(.vectors)
 *(.progmem.gcc*)
 *(.progmem*)
 .progmem.data.debuguartinit
                0x000001c8       0x12 src/strings.o
                0x000001c8                debuguartinit
 .progmem.data.bad
                0x000001da        0x4 src/strings.o
                0x000001da                bad
 .progmem.data.good
                0x000001de        0x5 src/strings.o
                0x000001de                good
 .progmem.data.sleepmgr_configs
                0x000001e3        0x6 src/asf/common/services/sleepmgr/xmega/sleepmgr.o
                0x000001e3                sleepmgr_configs
                0x000001ea                . = ALIGN (0x2)
 *fill*         0x000001e9        0x1 
                0x000001ea                __trampolines_start = .
 *(.trampolines)
 .trampolines   0x000001ea        0x0 linker stubs
 *(.trampolines*)
                0x000001ea                __trampolines_end = .
 *(.jumptables)
 *(.jumptables*)
 *(.lowtext)
 *(.lowtext*)
                0x000001ea                __ctors_start = .
 *(.ctors)
                0x000001ea                __ctors_end = .
                0x000001ea                __dtors_start = .
 *(.dtors)
                0x000001ea                __dtors_end = .
 SORT(*)(.ctors)
 SORT(*)(.dtors)
 *(.init0)
 .init0         0x000001ea        0x0 c:/program files (x86)/atmel/atmel toolchain/avr8 gcc/native/3.4.2.939/avr8-gnu-toolchain/bin/../lib/gcc/avr/4.7.2/../../../../avr/lib/avrxmega4/crtx64d3.o
                0x000001ea                __init
 *(.init0)
 *(.init1)
 *(.init1)
 *(.init2)
 .init2         0x000001ea        0xc c:/program files (x86)/atmel/atmel toolchain/avr8 gcc/native/3.4.2.939/avr8-gnu-toolchain/bin/../lib/gcc/avr/4.7.2/../../../../avr/lib/avrxmega4/crtx64d3.o
 *(.init2)
 *(.init3)
 *(.init3)
 *(.init4)
 .init4         0x000001f6       0x1a c:/program files (x86)/atmel/atmel toolchain/avr8 gcc/native/3.4.2.939/avr8-gnu-toolchain/bin/../lib/gcc/avr/4.7.2/avrxmega4\libgcc.a(_copy_data.o)
                0x000001f6                __do_copy_data
 .init4         0x00000210       0x10 c:/program files (x86)/atmel/atmel toolchain/avr8 gcc/native/3.4.2.939/avr8-gnu-toolchain/bin/../lib/gcc/avr/4.7.2/avrxmega4\libgcc.a(_clear_bss.o)
                0x00000210                __do_clear_bss
 *(.init4)
 *(.init5)
 *(.init5)
 *(.init6)
 *(.init6)
 *(.init7)
 *(.init7)
 *(.init8)
 *(.init8)
 *(.init9)
 .init9         0x00000220        0x8 c:/program files (x86)/atmel/atmel toolchain/avr8 gcc/native/3.4.2.939/avr8-gnu-toolchain/bin/../lib/gcc/avr/4.7.2/../../../../avr/lib/avrxmega4/crtx64d3.o
 *(.init9)
 *(.text)
 .text          0x00000228        0x2 c:/program files (x86)/atmel/atmel toolchain/avr8 gcc/native/3.4.2.939/avr8-gnu-toolchain/bin/../lib/gcc/avr/4.7.2/../../../../avr/lib/avrxmega4/crtx64d3.o
                0x00000228                __vector_38
                0x00000228                __vector_63
                0x00000228                __vector_28
                0x00000228                __vector_67
                0x00000228                __vector_1
                0x00000228                __vector_32
                0x00000228                __vector_75
                0x00000228                __vector_71
                0x00000228                __vector_91
                0x00000228                __vector_34
                0x00000228                __vector_62
                0x00000228                __vector_102
                0x00000228                __vector_24
                0x00000228                __vector_12
                0x00000228                __vector_55
                0x00000228                __vector_69
                0x00000228                __vector_90
                0x00000228                __vector_46
                0x00000228                __bad_interrupt
                0x00000228                __vector_72
                0x00000228                __vector_6
                0x00000228                __vector_31
                0x00000228                __vector_92
                0x00000228                __vector_35
                0x00000228                __vector_74
                0x00000228                __vector_39
                0x00000228                __vector_107
                0x00000228                __vector_3
                0x00000228                __vector_105
                0x00000228                __vector_98
                0x00000228                __vector_68
                0x00000228                __vector_30
                0x00000228                __vector_73
                0x00000228                __vector_45
                0x00000228                __vector_93
                0x00000228                __vector_61
                0x00000228                __vector_11
                0x00000228                __vector_54
                0x00000228                __vector_99
                0x00000228                __vector_13
                0x00000228                __vector_56
                0x00000228                __vector_7
                0x00000228                __vector_41
                0x00000228                __vector_86
                0x00000228                __vector_100
                0x00000228                __vector_101
                0x00000228                __vector_64
                0x00000228                __vector_88
                0x00000228                __vector_43
                0x00000228                __vector_27
                0x00000228                __vector_5
                0x00000228                __vector_33
                0x00000228                __vector_76
                0x00000228                __vector_37
                0x00000228                __vector_95
                0x00000228                __vector_103
                0x00000228                __vector_96
                0x00000228                __vector_89
                0x00000228                __vector_4
                0x00000228                __vector_44
                0x00000228                __vector_106
                0x00000228                __vector_9
                0x00000228                __vector_2
                0x00000228                __vector_66
                0x00000228                __vector_36
                0x00000228                __vector_58
                0x00000228                __vector_70
                0x00000228                __vector_83
                0x00000228                __vector_29
                0x00000228                __vector_60
                0x00000228                __vector_40
                0x00000228                __vector_85
                0x00000228                __vector_94
                0x00000228                __vector_8
                0x00000228                __vector_84
                0x00000228                __vector_57
                0x00000228                __vector_53
                0x00000228                __vector_10
                0x00000228                __vector_59
                0x00000228                __vector_97
                0x00000228                __vector_42
                0x00000228                __vector_87
                0x00000228                __vector_65
                0x0000022a                . = ALIGN (0x2)
 *(.text.*)
 .text.setupAnalog
                0x0000022a       0x42 src/analog.o
                0x0000022a                setupAnalog
 .text.sampleAnalogChannel
                0x0000026c       0x60 src/analog.o
                0x0000026c                sampleAnalogChannel
 .text.enableAnalog
                0x000002cc        0x8 src/analog.o
                0x000002cc                enableAnalog
 .text.board_init
                0x000002d4      0x248 src/asf/common/boards/user_board/init.o
                0x000002d4                board_init
 .text.__portable_avr_delay_cycles
                0x0000051c        0xc src/bios.o
 .text.ManufactureTestButtonPress
                0x00000528      0x13a src/bios.o
                0x00000528                ManufactureTestButtonPress
 .text.biosMain
                0x00000662       0x76 src/bios.o
                0x00000662                biosMain
 .text.buttonActivated
                0x000006d8       0x4c src/buttons.o
                0x000006d8                buttonActivated
 .text.keyboardiOSInit
                0x00000724        0xc src/configurations/keyboard_ios.o
                0x00000724                keyboardiOSInit
 .text.keyboardiOSButtonHandler
                0x00000730       0x94 src/configurations/keyboard_ios.o
                0x00000730                keyboardiOSButtonHandler
 .text.initCB   0x000007c4       0x12 src/circular_buffer.o
                0x000007c4                initCB
 .text.addByteToCB
                0x000007d6       0x3c src/circular_buffer.o
                0x000007d6                addByteToCB
 .text.readByteFromCB
                0x00000812       0x3e src/circular_buffer.o
                0x00000812                readByteFromCB
 .text.readFromCB
                0x00000850       0x50 src/circular_buffer.o
                0x00000850                readFromCB
 .text.readStringFromCB
                0x000008a0       0x68 src/circular_buffer.o
                0x000008a0                readStringFromCB
 .text.__portable_avr_delay_cycles.constprop.1
                0x00000908       0x10 src/comm.o
 .text.byteToASCIIHex
                0x00000918       0x32 src/comm.o
                0x00000918                byteToASCIIHex
 .text.ASCIIHexToByte
                0x0000094a       0x26 src/comm.o
                0x0000094a                ASCIIHexToByte
 .text.sendCommOK
                0x00000970        0xa src/comm.o
                0x00000970                sendCommOK
 .text.commBL   0x0000097a        0x8 src/comm.o
                0x0000097a                commBL
 .text.commRS   0x00000982       0x10 src/comm.o
                0x00000982                commRS
 .text.commSG   0x00000992        0xe src/comm.o
                0x00000992                commSG
 .text.commRG   0x000009a0       0x5a src/comm.o
                0x000009a0                commRG
 .text.sendCommNO
                0x000009fa        0xa src/comm.o
                0x000009fa                sendCommNO
 .text.commSC   0x00000a04       0x24 src/comm.o
                0x00000a04                commSC
 .text.commWC   0x00000a28       0x72 src/comm.o
                0x00000a28                commWC
 .text.commAC   0x00000a9a       0x1c src/comm.o
                0x00000a9a                commAC
 .text.commRC   0x00000ab6       0x74 src/comm.o
                0x00000ab6                commRC
 .text.commWG   0x00000b2a       0x7a src/comm.o
                0x00000b2a                commWG
 .text.commAG   0x00000ba4       0x1c src/comm.o
                0x00000ba4                commAG
 .text.processComm
                0x00000bc0       0xdc src/comm.o
                0x00000bc0                processComm
 .text.readGlobalHeader
                0x00000c9c        0xe src/configurations.o
                0x00000c9c                readGlobalHeader
 .text.writeGlobalHeader
                0x00000caa        0xe src/configurations.o
                0x00000caa                writeGlobalHeader
 .text.readControllerConfig
                0x00000cb8       0x12 src/configurations.o
                0x00000cb8                readControllerConfig
 .text.writeControllerConfig
                0x00000cca       0x12 src/configurations.o
                0x00000cca                writeControllerConfig
 .text.loadConfiguration
                0x00000cdc       0xb4 src/configurations.o
                0x00000cdc                loadConfiguration
 .text.displayWhichConfiguration
                0x00000d90       0x76 src/configurations.o
                0x00000d90                displayWhichConfiguration
 .text.whichConfiguration
                0x00000e06       0x94 src/configurations.o
                0x00000e06                whichConfiguration
 .text.gamepadInit
                0x00000e9a        0xc src/configurations/gamepad.o
                0x00000e9a                gamepadInit
 .text.gamepadReport
                0x00000ea6       0xd4 src/configurations/gamepad.o
                0x00000ea6                gamepadReport
 .text.gamepadJoystickHandler
                0x00000f7a       0xd2 src/configurations/gamepad.o
                0x00000f7a                gamepadJoystickHandler
 .text.gamepadButtonHandler
                0x0000104c       0x90 src/configurations/gamepad.o
                0x0000104c                gamepadButtonHandler
 .text.jStickInit
                0x000010dc       0x12 src/configurations/j_stick.o
                0x000010dc                jStickInit
 .text.jStickReport
                0x000010ee       0xd4 src/configurations/j_stick.o
                0x000010ee                jStickReport
 .text.jStickJoystickHandler
                0x000011c2      0x104 src/configurations/j_stick.o
                0x000011c2                jStickJoystickHandler
 .text.jStickButtonHandler
                0x000012c6       0x90 src/configurations/j_stick.o
                0x000012c6                jStickButtonHandler
 .text.keyboardInit
                0x00001356        0xc src/configurations/keyboard.o
                0x00001356                keyboardInit
 .text.changeButtonPressState
                0x00001362      0x2ba src/configurations/keyboard.o
                0x00001362                changeButtonPressState
 .text.keyboardJoystickHandler
                0x0000161c      0x134 src/configurations/keyboard.o
                0x0000161c                keyboardJoystickHandler
 .text.keyboardButtonHandler
                0x00001750        0x2 src/configurations/keyboard.o
                0x00001750                keyboardButtonHandler
 .text.keyboardMouseInit
                0x00001752       0x1a src/configurations/keyboard_mouse.o
                0x00001752                keyboardMouseInit
 .text.changeButtonState
                0x0000176c      0x2ce src/configurations/keyboard_mouse.o
                0x0000176c                changeButtonState
 .text.keyboardMouseJoystickHandler
                0x00001a3a      0x276 src/configurations/keyboard_mouse.o
                0x00001a3a                keyboardMouseJoystickHandler
 .text.keyboadMouseButtonHandler
                0x00001cb0        0x2 src/configurations/keyboard_mouse.o
                0x00001cb0                keyboadMouseButtonHandler
 .text.sendDBGChar
                0x00001cb2        0xa src/debug.o
                0x00001cb2                sendDBGChar
 .text.sendDBGString
                0x00001cbc       0x16 src/debug.o
                0x00001cbc                sendDBGString
 .text.sendDBGLine
                0x00001cd2        0xa src/debug.o
                0x00001cd2                sendDBGLine
 .text.setupDbg
                0x00001cdc       0x66 src/debug.o
                0x00001cdc                setupDbg
 .text.__portable_avr_delay_cycles
                0x00001d42        0xc src/ManufactureValidation.o
 .text.IsTestMode
                0x00001d4e        0xe src/ManufactureValidation.o
                0x00001d4e                IsTestMode
 .text.RunHandTestProcedure
                0x00001d5c       0x68 src/ManufactureValidation.o
                0x00001d5c                RunHandTestProcedure
 .text.ExecuteTest
                0x00001dc4       0x18 src/ManufactureValidation.o
                0x00001dc4                ExecuteTest
 .text.__portable_avr_delay_cycles
                0x00001ddc        0xc src/powerControl.o
 .text.Wakeup   0x00001de8       0x5c src/powerControl.o
                0x00001de8                Wakeup
 .text.powerOff
                0x00001e44       0x4c src/powerControl.o
                0x00001e44                powerOff
 .text.checkForStartUp
                0x00001e90       0x5a src/powerControl.o
                0x00001e90                checkForStartUp
 .text.powerOn  0x00001eea       0x18 src/powerControl.o
                0x00001eea                powerOn
 .text.pwm_set_duty_cycle_percent
                0x00001f02       0x64 src/RGB_LED.o
 .text.setupLEDs
                0x00001f66       0x52 src/RGB_LED.o
                0x00001f66                setupLEDs
 .text.setRedLEDValue
                0x00001fb8       0x10 src/RGB_LED.o
                0x00001fb8                setRedLEDValue
 .text.setGreenLEDValue
                0x00001fc8       0x1e src/RGB_LED.o
                0x00001fc8                setGreenLEDValue
 .text.setBlueLEDValue
                0x00001fe6       0x1e src/RGB_LED.o
                0x00001fe6                setBlueLEDValue
 .text.setLEDValue
                0x00002004       0x24 src/RGB_LED.o
                0x00002004                setLEDValue
 .text.getSystemTime
                0x00002028       0x24 src/system_time.o
                0x00002028                getSystemTime
 .text.tickSystemTime
                0x0000204c       0x2e src/system_time.o
                0x0000204c                tickSystemTime
 .text.startTimeout
                0x0000207a       0x32 src/system_time.o
                0x0000207a                startTimeout
 .text.checkTimeout
                0x000020ac       0x5a src/system_time.o
                0x000020ac                checkTimeout
 .text.cancelTimeout
                0x00002106        0xc src/system_time.o
                0x00002106                cancelTimeout
 .text.enableSysTick
                0x00002112        0x8 src/systick.o
                0x00002112                enableSysTick
 .text.disableSysTick
                0x0000211a        0x8 src/systick.o
                0x0000211a                disableSysTick
 .text.clearSysTickFlag
                0x00002122        0xc src/systick.o
                0x00002122                clearSysTickFlag
 .text.setupSysTick
                0x0000212e       0x52 src/systick.o
                0x0000212e                setupSysTick
 .text.setupUsb
                0x00002180       0x56 src/usb.o
                0x00002180                setupUsb
 .text.sendUSBChar
                0x000021d6       0x22 src/usb.o
                0x000021d6                sendUSBChar
 .text.sendUSBString
                0x000021f8       0x3e src/usb.o
                0x000021f8                sendUSBString
 .text.sendUSBLine
                0x00002236        0xc src/usb.o
                0x00002236                sendUSBLine
 .text.recvUSBString
                0x00002242        0xc src/usb.o
                0x00002242                recvUSBString
 .text.__vector_25
                0x0000224e       0x6c src/usb.o
                0x0000224e                __vector_25
 .text.__vector_26
                0x000022ba       0x80 src/usb.o
                0x000022ba                __vector_26
 .text.WatchdogInit
                0x0000233a        0xa src/watchdog.o
                0x0000233a                WatchdogInit
 .text.WatchdogPet
                0x00002344        0xa src/watchdog.o
                0x00002344                WatchdogPet
 .text.WatchdogValidate
                0x0000234e       0x18 src/watchdog.o
                0x0000234e                WatchdogValidate
 .text.WatchDogEnable
                0x00002366        0xa src/watchdog.o
                0x00002366                WatchDogEnable
 .text.WatchdogTaskRunning
                0x00002370       0x26 src/watchdog.o
                0x00002370                WatchdogTaskRunning
 .text.sysclk_init
                0x00002396       0x50 src/asf/common/services/clock/xmega/sysclk.o
                0x00002396                sysclk_init
 .text.sysclk_enable_module
                0x000023e6       0x18 src/asf/common/services/clock/xmega/sysclk.o
                0x000023e6                sysclk_enable_module
 .text.sysclk_disable_module
                0x000023fe       0x16 src/asf/common/services/clock/xmega/sysclk.o
                0x000023fe                sysclk_disable_module
 .text.adc_enable_clock
                0x00002414       0x1e src/asf/xmega/drivers/adc/adc.o
                0x00002414                adc_enable_clock
 .text.adc_disable_clock
                0x00002432       0x1c src/asf/xmega/drivers/adc/adc.o
                0x00002432                adc_disable_clock
 .text.adc_enable
                0x0000244e       0x2e src/asf/xmega/drivers/adc/adc.o
                0x0000244e                adc_enable
 .text.adc_write_configuration
                0x0000247c       0x86 src/asf/xmega/drivers/adc/xmega_bcd/adc_bcd.o
                0x0000247c                adc_write_configuration
 .text.adc_read_configuration
                0x00002502       0x40 src/asf/xmega/drivers/adc/xmega_bcd/adc_bcd.o
                0x00002502                adc_read_configuration
 .text.adcch_write_configuration
                0x00002542       0x34 src/asf/xmega/drivers/adc/xmega_bcd/adc_bcd.o
                0x00002542                adcch_write_configuration
 .text.adcch_read_configuration
                0x00002576       0x34 src/asf/xmega/drivers/adc/xmega_bcd/adc_bcd.o
                0x00002576                adcch_read_configuration
 .text.ccp_write_io
                0x000025aa        0xc src/asf/xmega/drivers/cpu/ccp.o
                0x000025aa                ccp_write_io
 .text.nvm_wait_until_ready
                0x000025b6        0xa src/asf/xmega/drivers/nvm/nvm.o
 .text.nvm_issue_command
                0x000025c0       0x20 src/asf/xmega/drivers/nvm/nvm.o
 .text.nvm_eeprom_read_buffer
                0x000025e0       0x60 src/asf/xmega/drivers/nvm/nvm.o
                0x000025e0                nvm_eeprom_read_buffer
 .text.nvm_eeprom_flush_buffer
                0x00002640       0x1a src/asf/xmega/drivers/nvm/nvm.o
                0x00002640                nvm_eeprom_flush_buffer
 .text.nvm_eeprom_write_byte
                0x0000265a       0x5e src/asf/xmega/drivers/nvm/nvm.o
                0x0000265a                nvm_eeprom_write_byte
 .text.nvm_eeprom_load_page_to_buffer
                0x000026b8       0x3a src/asf/xmega/drivers/nvm/nvm.o
                0x000026b8                nvm_eeprom_load_page_to_buffer
 .text.nvm_eeprom_atomic_write_page
                0x000026f2       0x2c src/asf/xmega/drivers/nvm/nvm.o
                0x000026f2                nvm_eeprom_atomic_write_page
 .text.nvm_eeprom_erase_and_write_buffer
                0x0000271e       0x78 src/asf/xmega/drivers/nvm/nvm.o
                0x0000271e                nvm_eeprom_erase_and_write_buffer
 .text.nvm_read_byte
                0x00002796       0x14 src/asf/xmega/drivers/nvm/nvm_asm.o
                0x00002796                nvm_read_byte
 .text.__vector_14
                0x000027aa       0x5a src/asf/xmega/drivers/tc/tc.o
                0x000027aa                __vector_14
 .text.__vector_15
                0x00002804       0x5a src/asf/xmega/drivers/tc/tc.o
                0x00002804                __vector_15
 .text.__vector_16
                0x0000285e       0x5a src/asf/xmega/drivers/tc/tc.o
                0x0000285e                __vector_16
 .text.__vector_17
                0x000028b8       0x5a src/asf/xmega/drivers/tc/tc.o
                0x000028b8                __vector_17
 .text.__vector_18
                0x00002912       0x5a src/asf/xmega/drivers/tc/tc.o
                0x00002912                __vector_18
 .text.__vector_19
                0x0000296c       0x5a src/asf/xmega/drivers/tc/tc.o
                0x0000296c                __vector_19
 .text.__vector_20
                0x000029c6       0x5a src/asf/xmega/drivers/tc/tc.o
                0x000029c6                __vector_20
 .text.__vector_21
                0x00002a20       0x5a src/asf/xmega/drivers/tc/tc.o
                0x00002a20                __vector_21
 .text.__vector_22
                0x00002a7a       0x5a src/asf/xmega/drivers/tc/tc.o
                0x00002a7a                __vector_22
 .text.__vector_23
                0x00002ad4       0x5a src/asf/xmega/drivers/tc/tc.o
                0x00002ad4                __vector_23
 .text.__vector_77
                0x00002b2e       0x5a src/asf/xmega/drivers/tc/tc.o
                0x00002b2e                __vector_77
 .text.__vector_78
                0x00002b88       0x5a src/asf/xmega/drivers/tc/tc.o
                0x00002b88                __vector_78
 .text.__vector_79
                0x00002be2       0x5a src/asf/xmega/drivers/tc/tc.o
                0x00002be2                __vector_79
 .text.__vector_80
                0x00002c3c       0x5a src/asf/xmega/drivers/tc/tc.o
                0x00002c3c                __vector_80
 .text.__vector_81
                0x00002c96       0x5a src/asf/xmega/drivers/tc/tc.o
                0x00002c96                __vector_81
 .text.__vector_82
                0x00002cf0       0x5a src/asf/xmega/drivers/tc/tc.o
                0x00002cf0                __vector_82
 .text.__vector_47
                0x00002d4a       0x5a src/asf/xmega/drivers/tc/tc.o
                0x00002d4a                __vector_47
 .text.__vector_48
                0x00002da4       0x5a src/asf/xmega/drivers/tc/tc.o
                0x00002da4                __vector_48
 .text.__vector_49
                0x00002dfe       0x5a src/asf/xmega/drivers/tc/tc.o
                0x00002dfe                __vector_49
 .text.__vector_50
                0x00002e58       0x5a src/asf/xmega/drivers/tc/tc.o
                0x00002e58                __vector_50
 .text.__vector_51
                0x00002eb2       0x5a src/asf/xmega/drivers/tc/tc.o
                0x00002eb2                __vector_51
 .text.__vector_52
                0x00002f0c       0x5a src/asf/xmega/drivers/tc/tc.o
                0x00002f0c                __vector_52
 .text.__vector_108
                0x00002f66       0x5a src/asf/xmega/drivers/tc/tc.o
                0x00002f66                __vector_108
 .text.__vector_109
                0x00002fc0       0x5a src/asf/xmega/drivers/tc/tc.o
                0x00002fc0                __vector_109
 .text.__vector_110
                0x0000301a       0x5a src/asf/xmega/drivers/tc/tc.o
                0x0000301a                __vector_110
 .text.__vector_111
                0x00003074       0x5a src/asf/xmega/drivers/tc/tc.o
                0x00003074                __vector_111
 .text.__vector_112
                0x000030ce       0x5a src/asf/xmega/drivers/tc/tc.o
                0x000030ce                __vector_112
 .text.__vector_113
                0x00003128       0x5a src/asf/xmega/drivers/tc/tc.o
                0x00003128                __vector_113
 .text.tc_enable
                0x00003182       0x76 src/asf/xmega/drivers/tc/tc.o
                0x00003182                tc_enable
 .text.tc_disable
                0x000031f8       0x76 src/asf/xmega/drivers/tc/tc.o
                0x000031f8                tc_disable
 .text.tc_set_overflow_interrupt_callback
                0x0000326e       0x58 src/asf/xmega/drivers/tc/tc.o
                0x0000326e                tc_set_overflow_interrupt_callback
 .text.usart_enable_module_clock
                0x000032c6       0x2a src/asf/xmega/drivers/usart/usart.o
 .text.usart_putchar
                0x000032f0       0x10 src/asf/xmega/drivers/usart/usart.o
                0x000032f0                usart_putchar
 .text.usart_set_baudrate
                0x00003300      0x1ba src/asf/xmega/drivers/usart/usart.o
                0x00003300                usart_set_baudrate
 .text.usart_init_rs232
                0x000034ba       0x58 src/asf/xmega/drivers/usart/usart.o
                0x000034ba                usart_init_rs232
 .text.wdt_wait_while_busy
                0x00003512        0xa src/asf/xmega/drivers/wdt/wdt.o
 .text.wdt_set_timeout_period
                0x0000351c       0x1e src/asf/xmega/drivers/wdt/wdt.o
                0x0000351c                wdt_set_timeout_period
 .text.wdt_disable
                0x0000353a        0xe src/asf/xmega/drivers/wdt/wdt.o
                0x0000353a                wdt_disable
 .text.wdt_enable
                0x00003548       0x10 src/asf/xmega/drivers/wdt/wdt.o
                0x00003548                wdt_enable
 .text.pwm_set_frequency
                0x00003558       0xd0 src/asf/xmega/services/pwm/pwm.o
                0x00003558                pwm_set_frequency
 .text.pwm_init
                0x00003628      0x156 src/asf/xmega/services/pwm/pwm.o
                0x00003628                pwm_init
 .text.pwm_start
                0x0000377e       0x92 src/asf/xmega/services/pwm/pwm.o
                0x0000377e                pwm_start
 .text.__portable_avr_delay_cycles
                0x00003810        0xc src/bluetooth.o
 .text.setupBluetoothFast
                0x0000381c       0x6a src/bluetooth.o
                0x0000381c                setupBluetoothFast
 .text.hardwareflowcontrol
                0x00003886       0x3c src/bluetooth.o
                0x00003886                hardwareflowcontrol
 .text.turnBTOn
                0x000038c2       0x32 src/bluetooth.o
                0x000038c2                turnBTOn
 .text.bt_exitBypass
                0x000038f4       0x2c src/bluetooth.o
                0x000038f4                bt_exitBypass
 .text.sendBTChar
                0x00003920       0x2e src/bluetooth.o
                0x00003920                sendBTChar
 .text.sendBTString
                0x0000394e       0x16 src/bluetooth.o
                0x0000394e                sendBTString
 .text.sendBTCmd
                0x00003964       0x24 src/bluetooth.o
                0x00003964                sendBTCmd
 .text.initBTComms
                0x00003988       0x2c src/bluetooth.o
                0x00003988                initBTComms
 .text.turnBTOff
                0x000039b4       0x22 src/bluetooth.o
                0x000039b4                turnBTOff
 .text.btFirstRun
                0x000039d6       0x36 src/bluetooth.o
                0x000039d6                btFirstRun
 .text.btFactoryReset
                0x00003a0c       0x26 src/bluetooth.o
                0x00003a0c                btFactoryReset
 .text.btIsConnected
                0x00003a32       0x12 src/bluetooth.o
                0x00003a32                btIsConnected
 .text.btClearAutoConnectList
                0x00003a44        0xc src/bluetooth.o
                0x00003a44                btClearAutoConnectList
 .text.BluetoothKeyboardMode
                0x00003a50        0x6 src/bluetooth.o
                0x00003a50                BluetoothKeyboardMode
 .text.BluetoothComboMode
                0x00003a56        0x6 src/bluetooth.o
                0x00003a56                BluetoothComboMode
 .text.BluetoothGamePadMode
                0x00003a5c        0x6 src/bluetooth.o
                0x00003a5c                BluetoothGamePadMode
 .text.BluetoothJoystickMode
                0x00003a62        0x6 src/bluetooth.o
                0x00003a62                BluetoothJoystickMode
 .text.__portable_avr_delay_cycles
                0x00003a68        0xc src/main.o
 .text.sysTickCallback
                0x00003a74       0x30 src/main.o
                0x00003a74                sysTickCallback
 .text.maintainControllerStatus
                0x00003aa4       0x6c src/main.o
                0x00003aa4                maintainControllerStatus
 .text.selectHandlers
                0x00003b10       0xf8 src/main.o
                0x00003b10                selectHandlers
 .text.SetupStartPinExternalInterrupt
                0x00003c08       0x2e src/main.o
                0x00003c08                SetupStartPinExternalInterrupt
 .text.startup.main
                0x00003c36      0x55c src/main.o
                0x00003c36                main
 .text.__vector_104
                0x00004192       0x74 src/main.o
                0x00004192                __vector_104
 .text.libgcc.div
                0x00004206       0x26 c:/program files (x86)/atmel/atmel toolchain/avr8 gcc/native/3.4.2.939/avr8-gnu-toolchain/bin/../lib/gcc/avr/4.7.2/avrxmega4\libgcc.a(_divmodhi4.o)
                0x00004206                _div
                0x00004206                __divmodhi4
 .text.libgcc.div
                0x0000422c       0x44 c:/program files (x86)/atmel/atmel toolchain/avr8 gcc/native/3.4.2.939/avr8-gnu-toolchain/bin/../lib/gcc/avr/4.7.2/avrxmega4\libgcc.a(_udivmodsi4.o)
                0x0000422c                __udivmodsi4
 .text.libgcc.mul
                0x00004270       0x18 c:/program files (x86)/atmel/atmel toolchain/avr8 gcc/native/3.4.2.939/avr8-gnu-toolchain/bin/../lib/gcc/avr/4.7.2/avrxmega4\libgcc.a(_umulhisi3.o)
                0x00004270                __umulhisi3
 .text.libgcc.div
                0x00004288       0x28 c:/program files (x86)/atmel/atmel toolchain/avr8 gcc/native/3.4.2.939/avr8-gnu-toolchain/bin/../lib/gcc/avr/4.7.2/avrxmega4\libgcc.a(_udivmodhi4.o)
                0x00004288                __udivmodhi4
 .text.avr-libc
                0x000042b0       0x1a c:/program files (x86)/atmel/atmel toolchain/avr8 gcc/native/3.4.2.939/avr8-gnu-toolchain/bin/../lib/gcc/avr/4.7.2/../../../../avr/lib/avrxmega4\libc.a(memchr.o)
                0x000042b0                memchr
 .text.avr-libc
                0x000042ca       0x12 c:/program files (x86)/atmel/atmel toolchain/avr8 gcc/native/3.4.2.939/avr8-gnu-toolchain/bin/../lib/gcc/avr/4.7.2/../../../../avr/lib/avrxmega4\libc.a(memcpy.o)
                0x000042ca                memcpy
 .text.avr-libc
                0x000042dc       0x12 c:/program files (x86)/atmel/atmel toolchain/avr8 gcc/native/3.4.2.939/avr8-gnu-toolchain/bin/../lib/gcc/avr/4.7.2/../../../../avr/lib/avrxmega4\libc.a(strcmp.o)
                0x000042dc                strcmp
                0x000042ee                . = ALIGN (0x2)
 *(.fini9)
 .fini9         0x000042ee        0x0 c:/program files (x86)/atmel/atmel toolchain/avr8 gcc/native/3.4.2.939/avr8-gnu-toolchain/bin/../lib/gcc/avr/4.7.2/avrxmega4\libgcc.a(_exit.o)
                0x000042ee                _exit
                0x000042ee                exit
 *(.fini9)
 *(.fini8)
 *(.fini8)
 *(.fini7)
 *(.fini7)
 *(.fini6)
 *(.fini6)
 *(.fini5)
 *(.fini5)
 *(.fini4)
 *(.fini4)
 *(.fini3)
 *(.fini3)
 *(.fini2)
 *(.fini2)
 *(.fini1)
 *(.fini1)
 *(.fini0)
 .fini0         0x000042ee        0x4 c:/program files (x86)/atmel/atmel toolchain/avr8 gcc/native/3.4.2.939/avr8-gnu-toolchain/bin/../lib/gcc/avr/4.7.2/avrxmega4\libgcc.a(_exit.o)
 *(.fini0)
                0x000042f2                _etext = .

.data           0x00802000      0x908 load address 0x000042f2
                0x00802000                PROVIDE (__data_start, .)
 *(.data)
 .data          0x00802000        0x0 c:/program files (x86)/atmel/atmel toolchain/avr8 gcc/native/3.4.2.939/avr8-gnu-toolchain/bin/../lib/gcc/avr/4.7.2/../../../../avr/lib/avrxmega4/crtx64d3.o
 .data          0x00802000        0x0 src/analog.o
 .data          0x00802000        0x0 src/asf/common/boards/user_board/init.o
 .data          0x00802000        0x0 src/battery_charger.o
 .data          0x00802000        0x0 src/bios.o
 .data          0x00802000        0x0 src/buttons.o
 .data          0x00802000        0x0 src/configurations/keyboard_ios.o
 .data          0x00802000        0x0 src/circular_buffer.o
 .data          0x00802000        0x0 src/comm.o
 .data          0x00802000        0x0 src/configurations.o
 .data          0x00802000        0x0 src/configurations/gamepad.o
 .data          0x00802000        0x0 src/configurations/j_stick.o
 .data          0x00802000        0x0 src/configurations/keyboard.o
 .data          0x00802000        0x0 src/configurations/keyboard_mouse.o
 .data          0x00802000        0x0 src/configurations/usb_serial.o
 .data          0x00802000        0x0 src/debug.o
 .data          0x00802000        0x0 src/drone_gamepad_config.o
 .data          0x00802000        0x0 src/drone_game_configurations.o
 .data          0x00802000        0x0 src/drone_gsrs_config.o
 .data          0x00802000        0x0 src/drone_gtel_config.o
 .data          0x00802000        0x0 src/drone_gtel_ios_config.o
 .data          0x00802000        0x0 src/drone_icp_config.o
 .data          0x00802000        0x0 src/drone_ios_config.o
 .data          0x00802000        0x0 src/drone_joystick_config.o
 .data          0x00802000        0x0 src/drone_keyboard_config.o
 .data          0x00802000        0x0 src/drone_keyboard_mouse_config.o
 .data          0x00802000        0x0 src/drone_ssf_arcade_config.o
 .data          0x00802000        0x0 src/joysticks.o
 .data          0x00802000        0x0 src/ManufactureValidation.o
 .data          0x00802000        0x0 src/powerControl.o
 .data          0x00802000        0x0 src/RGB_LED.o
 .data          0x00802000        0x0 src/shared.o
 .data          0x00802000        0x0 src/strings.o
 .data          0x00802000        0x0 src/system_time.o
 .data          0x00802000        0x0 src/systick.o
 .data          0x00802000        0x0 src/usb.o
 .data          0x00802000        0x0 src/watchdog.o
 .data          0x00802000        0x0 src/asf/common/services/clock/xmega/sysclk.o
 .data          0x00802000        0x0 src/asf/common/services/ioport/xmega/ioport_compat.o
 .data          0x00802000        0x0 src/asf/common/services/serial/usart_serial.o
 .data          0x00802000        0x0 src/asf/common/services/sleepmgr/xmega/sleepmgr.o
 .data          0x00802000        0x0 src/asf/xmega/drivers/adc/adc.o
 .data          0x00802000        0x0 src/asf/xmega/drivers/adc/xmega_bcd/adc_bcd.o
 .data          0x00802000        0x0 src/asf/xmega/drivers/cpu/ccp.o
 .data          0x00802000        0x0 src/asf/xmega/drivers/nvm/nvm.o
 .data          0x00802000        0x0 src/asf/xmega/drivers/nvm/nvm_asm.o
 .data          0x00802000        0x0 src/asf/xmega/drivers/tc/tc.o
 .data          0x00802000        0x0 src/asf/xmega/drivers/usart/usart.o
 .data          0x00802000        0x0 src/asf/xmega/drivers/wdt/wdt.o
 .data          0x00802000        0x0 src/asf/xmega/services/pwm/pwm.o
 .data          0x00802000        0x0 src/bluetooth.o
 .data          0x00802000        0x0 src/main.o
 .data          0x00802000        0x0 c:/program files (x86)/atmel/atmel toolchain/avr8 gcc/native/3.4.2.939/avr8-gnu-toolchain/bin/../lib/gcc/avr/4.7.2/avrxmega4\libgcc.a(_divmodhi4.o)
 .data          0x00802000        0x0 c:/program files (x86)/atmel/atmel toolchain/avr8 gcc/native/3.4.2.939/avr8-gnu-toolchain/bin/../lib/gcc/avr/4.7.2/avrxmega4\libgcc.a(_udivmodsi4.o)
 .data          0x00802000        0x0 c:/program files (x86)/atmel/atmel toolchain/avr8 gcc/native/3.4.2.939/avr8-gnu-toolchain/bin/../lib/gcc/avr/4.7.2/avrxmega4\libgcc.a(_exit.o)
 .data          0x00802000        0x0 c:/program files (x86)/atmel/atmel toolchain/avr8 gcc/native/3.4.2.939/avr8-gnu-toolchain/bin/../lib/gcc/avr/4.7.2/avrxmega4\libgcc.a(_copy_data.o)
 .data          0x00802000        0x0 c:/program files (x86)/atmel/atmel toolchain/avr8 gcc/native/3.4.2.939/avr8-gnu-toolchain/bin/../lib/gcc/avr/4.7.2/avrxmega4\libgcc.a(_clear_bss.o)
 .data          0x00802000        0x0 c:/program files (x86)/atmel/atmel toolchain/avr8 gcc/native/3.4.2.939/avr8-gnu-toolchain/bin/../lib/gcc/avr/4.7.2/avrxmega4\libgcc.a(_umulhisi3.o)
 .data          0x00802000        0x0 c:/program files (x86)/atmel/atmel toolchain/avr8 gcc/native/3.4.2.939/avr8-gnu-toolchain/bin/../lib/gcc/avr/4.7.2/avrxmega4\libgcc.a(_udivmodhi4.o)
 .data          0x00802000        0x0 c:/program files (x86)/atmel/atmel toolchain/avr8 gcc/native/3.4.2.939/avr8-gnu-toolchain/bin/../lib/gcc/avr/4.7.2/../../../../avr/lib/avrxmega4\libc.a(memchr.o)
 .data          0x00802000        0x0 c:/program files (x86)/atmel/atmel toolchain/avr8 gcc/native/3.4.2.939/avr8-gnu-toolchain/bin/../lib/gcc/avr/4.7.2/../../../../avr/lib/avrxmega4\libc.a(memcpy.o)
 .data          0x00802000        0x0 c:/program files (x86)/atmel/atmel toolchain/avr8 gcc/native/3.4.2.939/avr8-gnu-toolchain/bin/../lib/gcc/avr/4.7.2/../../../../avr/lib/avrxmega4\libc.a(strcmp.o)
 .data          0x00802000        0x0 c:/program files (x86)/atmel/atmel toolchain/avr8 gcc/native/3.4.2.939/avr8-gnu-toolchain/bin/../lib/gcc/avr/4.7.2/../../../../avr/lib/avrxmega4\libc.a(printf.o)
 .data          0x00802000        0x0 c:/program files (x86)/atmel/atmel toolchain/avr8 gcc/native/3.4.2.939/avr8-gnu-toolchain/bin/../lib/gcc/avr/4.7.2/../../../../avr/lib/avrxmega4\libc.a(sprintf.o)
 .data          0x00802000        0x0 c:/program files (x86)/atmel/atmel toolchain/avr8 gcc/native/3.4.2.939/avr8-gnu-toolchain/bin/../lib/gcc/avr/4.7.2/../../../../avr/lib/avrxmega4\libc.a(vfprintf_std.o)
 .data          0x00802000        0x0 c:/program files (x86)/atmel/atmel toolchain/avr8 gcc/native/3.4.2.939/avr8-gnu-toolchain/bin/../lib/gcc/avr/4.7.2/../../../../avr/lib/avrxmega4\libc.a(strnlen_P.o)
 .data          0x00802000        0x0 c:/program files (x86)/atmel/atmel toolchain/avr8 gcc/native/3.4.2.939/avr8-gnu-toolchain/bin/../lib/gcc/avr/4.7.2/../../../../avr/lib/avrxmega4\libc.a(strnlen.o)
 .data          0x00802000        0x0 c:/program files (x86)/atmel/atmel toolchain/avr8 gcc/native/3.4.2.939/avr8-gnu-toolchain/bin/../lib/gcc/avr/4.7.2/../../../../avr/lib/avrxmega4\libc.a(fputc.o)
 .data          0x00802000        0x0 c:/program files (x86)/atmel/atmel toolchain/avr8 gcc/native/3.4.2.939/avr8-gnu-toolchain/bin/../lib/gcc/avr/4.7.2/../../../../avr/lib/avrxmega4\libc.a(iob.o)
 .data          0x00802000        0x0 c:/program files (x86)/atmel/atmel toolchain/avr8 gcc/native/3.4.2.939/avr8-gnu-toolchain/bin/../lib/gcc/avr/4.7.2/../../../../avr/lib/avrxmega4\libc.a(ultoa_invert.o)
 *(.data*)
 .data.buttons  0x00802000       0x38 src/buttons.o
                0x00802000                buttons
 .data.joysticks
                0x00802038       0x1c src/joysticks.o
                0x00802038                joysticks
 .data.USART_SERIAL_OPTIONS.5046
                0x00802054        0x7 src/usb.o
 .data.mainLoopWatchdog
                0x0080205b        0x2 src/watchdog.o
 .data.modemResponseWatchdog
                0x0080205d        0x2 src/watchdog.o
 *(.rodata)
 .rodata        0x0080205f        0x7 src/debug.o
 .rodata        0x00802066        0x7 src/bluetooth.o
 *(.rodata*)
 .rodata.str1.1
                0x0080206d       0x50 src/comm.o
 .rodata.COMMANDS
                0x008020bd       0x28 src/comm.o
                0x008020bd                COMMANDS
 .rodata.str1.1
                0x008020e5       0x1c src/configurations.o
                                 0x1d (size before relaxing)
 .rodata.str1.1
                0x00802101        0xb src/configurations/j_stick.o
 .rodata.DRONE_GAMEPAD_CONFIG
                0x0080210c       0xab src/drone_gamepad_config.o
                0x0080210c                DRONE_GAMEPAD_CONFIG
 .rodata.DEFAULT_HEADER
                0x008021b7        0x8 src/drone_game_configurations.o
                0x008021b7                DEFAULT_HEADER
 .rodata.DRONE_GSRS_CONFIG
                0x008021bf       0xab src/drone_gsrs_config.o
                0x008021bf                DRONE_GSRS_CONFIG
 .rodata.DRONE_GTEL_CONFIG
                0x0080226a       0xab src/drone_gtel_config.o
                0x0080226a                DRONE_GTEL_CONFIG
 .rodata.DRONE_GTEL_IOS_CONFIG
                0x00802315       0xab src/drone_gtel_ios_config.o
                0x00802315                DRONE_GTEL_IOS_CONFIG
 .rodata.DRONE_ICP_CONFIG
                0x008023c0       0xab src/drone_icp_config.o
                0x008023c0                DRONE_ICP_CONFIG
 .rodata.DRONE_IOS_CONFIG
                0x0080246b       0xab src/drone_ios_config.o
                0x0080246b                DRONE_IOS_CONFIG
 .rodata.DRONE_JOYSTICK_CONFIG
                0x00802516       0xab src/drone_joystick_config.o
                0x00802516                DRONE_JOYSTICK_CONFIG
 .rodata.DRONE_KEYBOARD_CONFIG
                0x008025c1       0xab src/drone_keyboard_config.o
                0x008025c1                DRONE_KEYBOARD_CONFIG
 .rodata.DRONE_KEYBOARD_MOUSE_CONFIG
                0x0080266c       0xab src/drone_keyboard_mouse_config.o
                0x0080266c                DRONE_KEYBOARD_MOUSE_CONFIG
 .rodata.DRONE_SSF_ARCADE_CONFIG
                0x00802717       0xab src/drone_ssf_arcade_config.o
                0x00802717                DRONE_SSF_ARCADE_CONFIG
 .rodata.str1.1
                0x008027c2       0x18 src/ManufactureValidation.o
 .rodata.str1.1
                0x008027da       0x19 src/usb.o
 .rodata.str1.1
                0x008027f3        0x2 src/watchdog.o
 .rodata.str1.1
                0x008027f5       0xc8 src/bluetooth.o
 .rodata.str1.1
                0x008028bd       0x4a src/main.o
 *(.gnu.linkonce.d*)
                0x00802908                . = ALIGN (0x2)
 *fill*         0x00802907        0x1 
                0x00802908                _edata = .
                0x00802908                PROVIDE (__data_end, .)

.bss            0x00802908      0x292
                0x00802908                PROVIDE (__bss_start, .)
 *(.bss)
 *(.bss*)
 .bss.analog_config
                0x00802908        0x6 src/analog.o
 .bss.analog_channel_config
                0x0080290e        0x3 src/analog.o
 .bss.my_cc     0x00802911        0x2 src/configurations/keyboard_ios.o
 .bss.ghTemp    0x00802913        0x8 src/comm.o
 .bss.ghAddr    0x0080291b        0x1 src/comm.o
 .bss.ccTemp    0x0080291c       0xab src/comm.o
 .bss.ccAddr    0x008029c7        0x1 src/comm.o
 .bss.my_cc     0x008029c8        0x2 src/configurations/gamepad.o
 .bss.pressed_buttons
                0x008029ca        0x4 src/configurations/gamepad.o
 .bss.current_xy
                0x008029ce        0x4 src/configurations/gamepad.o
 .bss.previous_pressed_buttons
                0x008029d2        0x4 src/configurations/gamepad.o
 .bss.previous_xy
                0x008029d6        0x4 src/configurations/gamepad.o
 .bss.my_cc     0x008029da        0x2 src/configurations/j_stick.o
 .bss.pressed_buttons
                0x008029dc        0x4 src/configurations/j_stick.o
 .bss.current_xy
                0x008029e0        0x4 src/configurations/j_stick.o
 .bss.previous_pressed_buttons
                0x008029e4        0x4 src/configurations/j_stick.o
 .bss.previous_xy
                0x008029e8        0x4 src/configurations/j_stick.o
 .bss.my_cc     0x008029ec        0x2 src/configurations/keyboard.o
 .bss.state_x.5366
                0x008029ee        0x2 src/configurations/keyboard.o
 .bss.state_y.5367
                0x008029f0        0x2 src/configurations/keyboard.o
 .bss.pressed_buttons
                0x008029f2        0x4 src/configurations/keyboard.o
 .bss.my_cc     0x008029f6        0x2 src/configurations/keyboard_mouse.o
 .bss.mouse_timeout
                0x008029f8        0x8 src/configurations/keyboard_mouse.o
 .bss.mouse_x.5388
                0x00802a00        0x1 src/configurations/keyboard_mouse.o
 .bss.mouse_y.5389
                0x00802a01        0x1 src/configurations/keyboard_mouse.o
 .bss.state_x.5385
                0x00802a02        0x2 src/configurations/keyboard_mouse.o
 .bss.state_y.5386
                0x00802a04        0x2 src/configurations/keyboard_mouse.o
 .bss.mouse_buttons
                0x00802a06        0x1 src/configurations/keyboard_mouse.o
 .bss.last_mouse_buttons.5384
                0x00802a07        0x1 src/configurations/keyboard_mouse.o
 .bss.pressed_buttons
                0x00802a08        0x4 src/configurations/keyboard_mouse.o
 .bss.swapBlueGreen
                0x00802a0c        0x1 src/RGB_LED.o
 .bss.pwm_cfg   0x00802a0d       0x15 src/RGB_LED.o
 .bss.bootloader
                0x00802a22        0x2 src/shared.o
                0x00802a22                bootloader
 .bss.system_time
                0x00802a24        0x4 src/system_time.o
 .bss.rxCB      0x00802a28        0x6 src/usb.o
 .bss.rxBuffer  0x00802a2e       0x40 src/usb.o
 .bss.txCB      0x00802a6e        0x6 src/usb.o
 .bss.txBuffer  0x00802a74       0x20 src/usb.o
 .bss.adca_enable_count
                0x00802a94        0x1 src/asf/xmega/drivers/adc/adc.o
 .bss.tc_tcc0_ovf_callback
                0x00802a95        0x2 src/asf/xmega/drivers/tc/tc.o
 .bss.tc_tcc0_err_callback
                0x00802a97        0x2 src/asf/xmega/drivers/tc/tc.o
 .bss.tc_tcc0_cca_callback
                0x00802a99        0x2 src/asf/xmega/drivers/tc/tc.o
 .bss.tc_tcc0_ccb_callback
                0x00802a9b        0x2 src/asf/xmega/drivers/tc/tc.o
 .bss.tc_tcc0_ccc_callback
                0x00802a9d        0x2 src/asf/xmega/drivers/tc/tc.o
 .bss.tc_tcc0_ccd_callback
                0x00802a9f        0x2 src/asf/xmega/drivers/tc/tc.o
 .bss.tc_tcc1_ovf_callback
                0x00802aa1        0x2 src/asf/xmega/drivers/tc/tc.o
 .bss.tc_tcc1_err_callback
                0x00802aa3        0x2 src/asf/xmega/drivers/tc/tc.o
 .bss.tc_tcc1_cca_callback
                0x00802aa5        0x2 src/asf/xmega/drivers/tc/tc.o
 .bss.tc_tcc1_ccb_callback
                0x00802aa7        0x2 src/asf/xmega/drivers/tc/tc.o
 .bss.tc_tcd0_ovf_callback
                0x00802aa9        0x2 src/asf/xmega/drivers/tc/tc.o
 .bss.tc_tcd0_err_callback
                0x00802aab        0x2 src/asf/xmega/drivers/tc/tc.o
 .bss.tc_tcd0_cca_callback
                0x00802aad        0x2 src/asf/xmega/drivers/tc/tc.o
 .bss.tc_tcd0_ccb_callback
                0x00802aaf        0x2 src/asf/xmega/drivers/tc/tc.o
 .bss.tc_tcd0_ccc_callback
                0x00802ab1        0x2 src/asf/xmega/drivers/tc/tc.o
 .bss.tc_tcd0_ccd_callback
                0x00802ab3        0x2 src/asf/xmega/drivers/tc/tc.o
 .bss.tc_tce0_ovf_callback
                0x00802ab5        0x2 src/asf/xmega/drivers/tc/tc.o
 .bss.tc_tce0_err_callback
                0x00802ab7        0x2 src/asf/xmega/drivers/tc/tc.o
 .bss.tc_tce0_cca_callback
                0x00802ab9        0x2 src/asf/xmega/drivers/tc/tc.o
 .bss.tc_tce0_ccb_callback
                0x00802abb        0x2 src/asf/xmega/drivers/tc/tc.o
 .bss.tc_tce0_ccc_callback
                0x00802abd        0x2 src/asf/xmega/drivers/tc/tc.o
 .bss.tc_tce0_ccd_callback
                0x00802abf        0x2 src/asf/xmega/drivers/tc/tc.o
 .bss.tc_tcf0_ovf_callback
                0x00802ac1        0x2 src/asf/xmega/drivers/tc/tc.o
 .bss.tc_tcf0_err_callback
                0x00802ac3        0x2 src/asf/xmega/drivers/tc/tc.o
 .bss.tc_tcf0_cca_callback
                0x00802ac5        0x2 src/asf/xmega/drivers/tc/tc.o
 .bss.tc_tcf0_ccb_callback
                0x00802ac7        0x2 src/asf/xmega/drivers/tc/tc.o
 .bss.tc_tcf0_ccc_callback
                0x00802ac9        0x2 src/asf/xmega/drivers/tc/tc.o
 .bss.tc_tcf0_ccd_callback
                0x00802acb        0x2 src/asf/xmega/drivers/tc/tc.o
 .bss.bluetooth_on
                0x00802acd        0x1 src/bluetooth.o
 .bss.button_handler_init
                0x00802ace        0x2 src/main.o
 .bss.button_handler
                0x00802ad0        0x2 src/main.o
 .bss.joystick_handler
                0x00802ad2        0x2 src/main.o
 .bss.wdtCheckCount.5554
                0x00802ad4        0x2 src/main.o
 *(COMMON)
 COMMON         0x00802ad6       0x10 src/bios.o
                0x00802ad6                global_header
                0x00802ade                biosUnused
 COMMON         0x00802ae6        0x6 src/asf/common/services/sleepmgr/xmega/sleepmgr.o
                0x00802ae6                sleepmgr_locks
 COMMON         0x00802aec       0xae src/main.o
                0x00802aec                bios
                0x00802aed                turnedOn
                0x00802aee                pulse
                0x00802aef                ccc
                0x00802b9a                PROVIDE (__bss_end, .)
                0x000042f2                __data_load_start = LOADADDR (.data)
                0x00004bfa                __data_load_end = (__data_load_start + SIZEOF (.data))

.noinit         0x00802b9a        0x0
                0x00802b9a                PROVIDE (__noinit_start, .)
 *(.noinit*)
                0x00802b9a                PROVIDE (__noinit_end, .)
                0x00802b9a                _end = .
                0x00802b9a                PROVIDE (__heap_start, .)

.eeprom         0x00810000        0x0
 *(.eeprom*)
                0x00810000                __eeprom_end = .

.fuse
 *(.fuse)
 *(.lfuse)
 *(.hfuse)
 *(.efuse)

.lock
 *(.lock*)

.signature
 *(.signature*)

.user_signatures
 *(.user_signatures*)

.stab           0x00000000      0xe40
 *(.stab)
 .stab          0x00000000      0x6cc c:/program files (x86)/atmel/atmel toolchain/avr8 gcc/native/3.4.2.939/avr8-gnu-toolchain/bin/../lib/gcc/avr/4.7.2/../../../../avr/lib/avrxmega4/crtx64d3.o
 .stab          0x000006cc       0xb4 c:/program files (x86)/atmel/atmel toolchain/avr8 gcc/native/3.4.2.939/avr8-gnu-toolchain/bin/../lib/gcc/avr/4.7.2/../../../../avr/lib/avrxmega4\libc.a(memchr.o)
                                 0xc0 (size before relaxing)
 .stab          0x00000780       0x84 c:/program files (x86)/atmel/atmel toolchain/avr8 gcc/native/3.4.2.939/avr8-gnu-toolchain/bin/../lib/gcc/avr/4.7.2/../../../../avr/lib/avrxmega4\libc.a(memcpy.o)
                                 0x90 (size before relaxing)
 .stab          0x00000804       0x84 c:/program files (x86)/atmel/atmel toolchain/avr8 gcc/native/3.4.2.939/avr8-gnu-toolchain/bin/../lib/gcc/avr/4.7.2/../../../../avr/lib/avrxmega4\libc.a(strcmp.o)
                                 0x90 (size before relaxing)
 .stab          0x00000888       0x9c c:/program files (x86)/atmel/atmel toolchain/avr8 gcc/native/3.4.2.939/avr8-gnu-toolchain/bin/../lib/gcc/avr/4.7.2/../../../../avr/lib/avrxmega4\libc.a(strnlen_P.o)
                                 0xa8 (size before relaxing)
 .stab          0x00000924       0x9c c:/program files (x86)/atmel/atmel toolchain/avr8 gcc/native/3.4.2.939/avr8-gnu-toolchain/bin/../lib/gcc/avr/4.7.2/../../../../avr/lib/avrxmega4\libc.a(strnlen.o)
                                 0xa8 (size before relaxing)
 .stab          0x000009c0      0x480 c:/program files (x86)/atmel/atmel toolchain/avr8 gcc/native/3.4.2.939/avr8-gnu-toolchain/bin/../lib/gcc/avr/4.7.2/../../../../avr/lib/avrxmega4\libc.a(ultoa_invert.o)
                                0x48c (size before relaxing)

.stabstr        0x00000000      0x35a
 *(.stabstr)
 .stabstr       0x00000000      0x35a c:/program files (x86)/atmel/atmel toolchain/avr8 gcc/native/3.4.2.939/avr8-gnu-toolchain/bin/../lib/gcc/avr/4.7.2/../../../../avr/lib/avrxmega4/crtx64d3.o

.stab.excl
 *(.stab.excl)

.stab.exclstr
 *(.stab.exclstr)

.stab.index
 *(.stab.index)

.stab.indexstr
 *(.stab.indexstr)

.comment        0x00000000       0x2f
 *(.comment)
 .comment       0x00000000       0x2f src/analog.o
                                 0x30 (size before relaxing)
 .comment       0x00000000       0x30 src/asf/common/boards/user_board/init.o
 .comment       0x00000000       0x30 src/battery_charger.o
 .comment       0x00000000       0x30 src/bios.o
 .comment       0x00000000       0x30 src/buttons.o
 .comment       0x00000000       0x30 src/configurations/keyboard_ios.o
 .comment       0x00000000       0x30 src/circular_buffer.o
 .comment       0x00000000       0x30 src/comm.o
 .comment       0x00000000       0x30 src/configurations.o
 .comment       0x00000000       0x30 src/configurations/gamepad.o
 .comment       0x00000000       0x30 src/configurations/j_stick.o
 .comment       0x00000000       0x30 src/configurations/keyboard.o
 .comment       0x00000000       0x30 src/configurations/keyboard_mouse.o
 .comment       0x00000000       0x30 src/configurations/usb_serial.o
 .comment       0x00000000       0x30 src/debug.o
 .comment       0x00000000       0x30 src/drone_gamepad_config.o
 .comment       0x00000000       0x30 src/drone_game_configurations.o
 .comment       0x00000000       0x30 src/drone_gsrs_config.o
 .comment       0x00000000       0x30 src/drone_gtel_config.o
 .comment       0x00000000       0x30 src/drone_gtel_ios_config.o
 .comment       0x00000000       0x30 src/drone_icp_config.o
 .comment       0x00000000       0x30 src/drone_ios_config.o
 .comment       0x00000000       0x30 src/drone_joystick_config.o
 .comment       0x00000000       0x30 src/drone_keyboard_config.o
 .comment       0x00000000       0x30 src/drone_keyboard_mouse_config.o
 .comment       0x00000000       0x30 src/drone_ssf_arcade_config.o
 .comment       0x00000000       0x30 src/joysticks.o
 .comment       0x00000000       0x30 src/ManufactureValidation.o
 .comment       0x00000000       0x30 src/powerControl.o
 .comment       0x00000000       0x30 src/RGB_LED.o
 .comment       0x00000000       0x30 src/shared.o
 .comment       0x00000000       0x30 src/strings.o
 .comment       0x00000000       0x30 src/system_time.o
 .comment       0x00000000       0x30 src/systick.o
 .comment       0x00000000       0x30 src/usb.o
 .comment       0x00000000       0x30 src/watchdog.o
 .comment       0x00000000       0x30 src/asf/common/services/clock/xmega/sysclk.o
 .comment       0x00000000       0x30 src/asf/common/services/ioport/xmega/ioport_compat.o
 .comment       0x00000000       0x30 src/asf/common/services/serial/usart_serial.o
 .comment       0x00000000       0x30 src/asf/common/services/sleepmgr/xmega/sleepmgr.o
 .comment       0x00000000       0x30 src/asf/xmega/drivers/adc/adc.o
 .comment       0x00000000       0x30 src/asf/xmega/drivers/adc/xmega_bcd/adc_bcd.o
 .comment       0x00000000       0x30 src/asf/xmega/drivers/nvm/nvm.o
 .comment       0x00000000       0x30 src/asf/xmega/drivers/tc/tc.o
 .comment       0x00000000       0x30 src/asf/xmega/drivers/usart/usart.o
 .comment       0x00000000       0x30 src/asf/xmega/drivers/wdt/wdt.o
 .comment       0x00000000       0x30 src/asf/xmega/services/pwm/pwm.o
 .comment       0x00000000       0x30 src/bluetooth.o
 .comment       0x00000000       0x30 src/main.o
 .comment       0x00000000       0x30 c:/program files (x86)/atmel/atmel toolchain/avr8 gcc/native/3.4.2.939/avr8-gnu-toolchain/bin/../lib/gcc/avr/4.7.2/../../../../avr/lib/avrxmega4\libc.a(printf.o)
 .comment       0x00000000       0x30 c:/program files (x86)/atmel/atmel toolchain/avr8 gcc/native/3.4.2.939/avr8-gnu-toolchain/bin/../lib/gcc/avr/4.7.2/../../../../avr/lib/avrxmega4\libc.a(sprintf.o)
 .comment       0x00000000       0x30 c:/program files (x86)/atmel/atmel toolchain/avr8 gcc/native/3.4.2.939/avr8-gnu-toolchain/bin/../lib/gcc/avr/4.7.2/../../../../avr/lib/avrxmega4\libc.a(vfprintf_std.o)
 .comment       0x00000000       0x30 c:/program files (x86)/atmel/atmel toolchain/avr8 gcc/native/3.4.2.939/avr8-gnu-toolchain/bin/../lib/gcc/avr/4.7.2/../../../../avr/lib/avrxmega4\libc.a(fputc.o)
 .comment       0x00000000       0x30 c:/program files (x86)/atmel/atmel toolchain/avr8 gcc/native/3.4.2.939/avr8-gnu-toolchain/bin/../lib/gcc/avr/4.7.2/../../../../avr/lib/avrxmega4\libc.a(iob.o)

.debug
 *(.debug)

.line
 *(.line)

.debug_srcinfo
 *(.debug_srcinfo)

.debug_sfnames
 *(.debug_sfnames)

.debug_aranges  0x00000000       0xe0
 *(.debug_aranges)
 .debug_aranges
                0x00000000       0x20 src/asf/xmega/drivers/cpu/ccp.o
 .debug_aranges
                0x00000020       0x28 src/asf/xmega/drivers/nvm/nvm_asm.o
 .debug_aranges
                0x00000048       0x20 c:/program files (x86)/atmel/atmel toolchain/avr8 gcc/native/3.4.2.939/avr8-gnu-toolchain/bin/../lib/gcc/avr/4.7.2/../../../../avr/lib/avrxmega4\libc.a(printf.o)
 .debug_aranges
                0x00000068       0x20 c:/program files (x86)/atmel/atmel toolchain/avr8 gcc/native/3.4.2.939/avr8-gnu-toolchain/bin/../lib/gcc/avr/4.7.2/../../../../avr/lib/avrxmega4\libc.a(sprintf.o)
 .debug_aranges
                0x00000088       0x20 c:/program files (x86)/atmel/atmel toolchain/avr8 gcc/native/3.4.2.939/avr8-gnu-toolchain/bin/../lib/gcc/avr/4.7.2/../../../../avr/lib/avrxmega4\libc.a(vfprintf_std.o)
 .debug_aranges
                0x000000a8       0x20 c:/program files (x86)/atmel/atmel toolchain/avr8 gcc/native/3.4.2.939/avr8-gnu-toolchain/bin/../lib/gcc/avr/4.7.2/../../../../avr/lib/avrxmega4\libc.a(fputc.o)
 .debug_aranges
                0x000000c8       0x18 c:/program files (x86)/atmel/atmel toolchain/avr8 gcc/native/3.4.2.939/avr8-gnu-toolchain/bin/../lib/gcc/avr/4.7.2/../../../../avr/lib/avrxmega4\libc.a(iob.o)

.debug_pubnames
 *(.debug_pubnames)

.debug_info     0x00000000      0xcf9
 *(.debug_info)
 .debug_info    0x00000000       0x78 src/asf/xmega/drivers/cpu/ccp.o
 .debug_info    0x00000078       0x78 src/asf/xmega/drivers/nvm/nvm_asm.o
 .debug_info    0x000000f0      0x1fa c:/program files (x86)/atmel/atmel toolchain/avr8 gcc/native/3.4.2.939/avr8-gnu-toolchain/bin/../lib/gcc/avr/4.7.2/../../../../avr/lib/avrxmega4\libc.a(printf.o)
 .debug_info    0x000002ea      0x204 c:/program files (x86)/atmel/atmel toolchain/avr8 gcc/native/3.4.2.939/avr8-gnu-toolchain/bin/../lib/gcc/avr/4.7.2/../../../../avr/lib/avrxmega4\libc.a(sprintf.o)
 .debug_info    0x000004ee      0x549 c:/program files (x86)/atmel/atmel toolchain/avr8 gcc/native/3.4.2.939/avr8-gnu-toolchain/bin/../lib/gcc/avr/4.7.2/../../../../avr/lib/avrxmega4\libc.a(vfprintf_std.o)
 .debug_info    0x00000a37      0x174 c:/program files (x86)/atmel/atmel toolchain/avr8 gcc/native/3.4.2.939/avr8-gnu-toolchain/bin/../lib/gcc/avr/4.7.2/../../../../avr/lib/avrxmega4\libc.a(fputc.o)
 .debug_info    0x00000bab      0x14e c:/program files (x86)/atmel/atmel toolchain/avr8 gcc/native/3.4.2.939/avr8-gnu-toolchain/bin/../lib/gcc/avr/4.7.2/../../../../avr/lib/avrxmega4\libc.a(iob.o)
 *(.gnu.linkonce.wi.*)

.debug_abbrev   0x00000000      0x621
 *(.debug_abbrev)
 .debug_abbrev  0x00000000       0x14 src/asf/xmega/drivers/cpu/ccp.o
 .debug_abbrev  0x00000014       0x12 src/asf/xmega/drivers/nvm/nvm_asm.o
 .debug_abbrev  0x00000026      0x149 c:/program files (x86)/atmel/atmel toolchain/avr8 gcc/native/3.4.2.939/avr8-gnu-toolchain/bin/../lib/gcc/avr/4.7.2/../../../../avr/lib/avrxmega4\libc.a(printf.o)
 .debug_abbrev  0x0000016f      0x12a c:/program files (x86)/atmel/atmel toolchain/avr8 gcc/native/3.4.2.939/avr8-gnu-toolchain/bin/../lib/gcc/avr/4.7.2/../../../../avr/lib/avrxmega4\libc.a(sprintf.o)
 .debug_abbrev  0x00000299      0x1d6 c:/program files (x86)/atmel/atmel toolchain/avr8 gcc/native/3.4.2.939/avr8-gnu-toolchain/bin/../lib/gcc/avr/4.7.2/../../../../avr/lib/avrxmega4\libc.a(vfprintf_std.o)
 .debug_abbrev  0x0000046f       0xf1 c:/program files (x86)/atmel/atmel toolchain/avr8 gcc/native/3.4.2.939/avr8-gnu-toolchain/bin/../lib/gcc/avr/4.7.2/../../../../avr/lib/avrxmega4\libc.a(fputc.o)
 .debug_abbrev  0x00000560       0xc1 c:/program files (x86)/atmel/atmel toolchain/avr8 gcc/native/3.4.2.939/avr8-gnu-toolchain/bin/../lib/gcc/avr/4.7.2/../../../../avr/lib/avrxmega4\libc.a(iob.o)

.debug_line     0x00000000      0x9f8
 *(.debug_line)
 .debug_line    0x00000000       0x6e src/asf/xmega/drivers/cpu/ccp.o
 .debug_line    0x0000006e      0x11f src/asf/xmega/drivers/nvm/nvm_asm.o
 .debug_line    0x0000018d      0x18e c:/program files (x86)/atmel/atmel toolchain/avr8 gcc/native/3.4.2.939/avr8-gnu-toolchain/bin/../lib/gcc/avr/4.7.2/../../../../avr/lib/avrxmega4\libc.a(printf.o)
 .debug_line    0x0000031b      0x194 c:/program files (x86)/atmel/atmel toolchain/avr8 gcc/native/3.4.2.939/avr8-gnu-toolchain/bin/../lib/gcc/avr/4.7.2/../../../../avr/lib/avrxmega4\libc.a(sprintf.o)
 .debug_line    0x000004af      0x35a c:/program files (x86)/atmel/atmel toolchain/avr8 gcc/native/3.4.2.939/avr8-gnu-toolchain/bin/../lib/gcc/avr/4.7.2/../../../../avr/lib/avrxmega4\libc.a(vfprintf_std.o)
 .debug_line    0x00000809      0x104 c:/program files (x86)/atmel/atmel toolchain/avr8 gcc/native/3.4.2.939/avr8-gnu-toolchain/bin/../lib/gcc/avr/4.7.2/../../../../avr/lib/avrxmega4\libc.a(fputc.o)
 .debug_line    0x0000090d       0xeb c:/program files (x86)/atmel/atmel toolchain/avr8 gcc/native/3.4.2.939/avr8-gnu-toolchain/bin/../lib/gcc/avr/4.7.2/../../../../avr/lib/avrxmega4\libc.a(iob.o)

.debug_frame    0x00000000      0x130
 *(.debug_frame)
 .debug_frame   0x00000000       0x34 c:/program files (x86)/atmel/atmel toolchain/avr8 gcc/native/3.4.2.939/avr8-gnu-toolchain/bin/../lib/gcc/avr/4.7.2/../../../../avr/lib/avrxmega4\libc.a(printf.o)
 .debug_frame   0x00000034       0x40 c:/program files (x86)/atmel/atmel toolchain/avr8 gcc/native/3.4.2.939/avr8-gnu-toolchain/bin/../lib/gcc/avr/4.7.2/../../../../avr/lib/avrxmega4\libc.a(sprintf.o)
 .debug_frame   0x00000074       0x84 c:/program files (x86)/atmel/atmel toolchain/avr8 gcc/native/3.4.2.939/avr8-gnu-toolchain/bin/../lib/gcc/avr/4.7.2/../../../../avr/lib/avrxmega4\libc.a(vfprintf_std.o)
 .debug_frame   0x000000f8       0x38 c:/program files (x86)/atmel/atmel toolchain/avr8 gcc/native/3.4.2.939/avr8-gnu-toolchain/bin/../lib/gcc/avr/4.7.2/../../../../avr/lib/avrxmega4\libc.a(fputc.o)

.debug_str      0x00000000      0x303
 *(.debug_str)
 .debug_str     0x00000000       0xf8 c:/program files (x86)/atmel/atmel toolchain/avr8 gcc/native/3.4.2.939/avr8-gnu-toolchain/bin/../lib/gcc/avr/4.7.2/../../../../avr/lib/avrxmega4\libc.a(printf.o)
                                0x140 (size before relaxing)
 .debug_str     0x000000f8       0x6c c:/program files (x86)/atmel/atmel toolchain/avr8 gcc/native/3.4.2.939/avr8-gnu-toolchain/bin/../lib/gcc/avr/4.7.2/../../../../avr/lib/avrxmega4\libc.a(sprintf.o)
                                0x13c (size before relaxing)
 .debug_str     0x00000164       0xdd c:/program files (x86)/atmel/atmel toolchain/avr8 gcc/native/3.4.2.939/avr8-gnu-toolchain/bin/../lib/gcc/avr/4.7.2/../../../../avr/lib/avrxmega4\libc.a(vfprintf_std.o)
                                0x1ad (size before relaxing)
 .debug_str     0x00000241       0x62 c:/program files (x86)/atmel/atmel toolchain/avr8 gcc/native/3.4.2.939/avr8-gnu-toolchain/bin/../lib/gcc/avr/4.7.2/../../../../avr/lib/avrxmega4\libc.a(fputc.o)
                                0x10d (size before relaxing)
 .debug_str     0x000002a3       0x60 c:/program files (x86)/atmel/atmel toolchain/avr8 gcc/native/3.4.2.939/avr8-gnu-toolchain/bin/../lib/gcc/avr/4.7.2/../../../../avr/lib/avrxmega4\libc.a(iob.o)
                                0x10d (size before relaxing)

.debug_loc      0x00000000      0x7b2
 *(.debug_loc)
 .debug_loc     0x00000000       0x3b c:/program files (x86)/atmel/atmel toolchain/avr8 gcc/native/3.4.2.939/avr8-gnu-toolchain/bin/../lib/gcc/avr/4.7.2/../../../../avr/lib/avrxmega4\libc.a(printf.o)
 .debug_loc     0x0000003b       0x61 c:/program files (x86)/atmel/atmel toolchain/avr8 gcc/native/3.4.2.939/avr8-gnu-toolchain/bin/../lib/gcc/avr/4.7.2/../../../../avr/lib/avrxmega4\libc.a(sprintf.o)
 .debug_loc     0x0000009c      0x623 c:/program files (x86)/atmel/atmel toolchain/avr8 gcc/native/3.4.2.939/avr8-gnu-toolchain/bin/../lib/gcc/avr/4.7.2/../../../../avr/lib/avrxmega4\libc.a(vfprintf_std.o)
 .debug_loc     0x000006bf       0xf3 c:/program files (x86)/atmel/atmel toolchain/avr8 gcc/native/3.4.2.939/avr8-gnu-toolchain/bin/../lib/gcc/avr/4.7.2/../../../../avr/lib/avrxmega4\libc.a(fputc.o)

.debug_macinfo
 *(.debug_macinfo)

.debug_pubtypes
 *(.debug_pubtypes)

.debug_ranges   0x00000000       0x60
 *(.debug_ranges)
 .debug_ranges  0x00000000       0x20 src/asf/xmega/drivers/nvm/nvm_asm.o
 .debug_ranges  0x00000020       0x10 c:/program files (x86)/atmel/atmel toolchain/avr8 gcc/native/3.4.2.939/avr8-gnu-toolchain/bin/../lib/gcc/avr/4.7.2/../../../../avr/lib/avrxmega4\libc.a(printf.o)
 .debug_ranges  0x00000030       0x10 c:/program files (x86)/atmel/atmel toolchain/avr8 gcc/native/3.4.2.939/avr8-gnu-toolchain/bin/../lib/gcc/avr/4.7.2/../../../../avr/lib/avrxmega4\libc.a(sprintf.o)
 .debug_ranges  0x00000040       0x10 c:/program files (x86)/atmel/atmel toolchain/avr8 gcc/native/3.4.2.939/avr8-gnu-toolchain/bin/../lib/gcc/avr/4.7.2/../../../../avr/lib/avrxmega4\libc.a(vfprintf_std.o)
 .debug_ranges  0x00000050       0x10 c:/program files (x86)/atmel/atmel toolchain/avr8 gcc/native/3.4.2.939/avr8-gnu-toolchain/bin/../lib/gcc/avr/4.7.2/../../../../avr/lib/avrxmega4\libc.a(fputc.o)

.debug_macro
 *(.debug_macro)
OUTPUT(Drone.elf elf32-avr)
LOAD linker stubs
