Archive member included because of file (symbol)

c:/program files/atmel/atmel toolchain/avr8 gcc/native/3.4.2.876/avr8-gnu-toolchain/bin/../lib/gcc/avr/4.7.2/avrxmega4\libgcc.a(_divmodhi4.o)
                              src/configurations/gamepad.o (__divmodhi4)
c:/program files/atmel/atmel toolchain/avr8 gcc/native/3.4.2.876/avr8-gnu-toolchain/bin/../lib/gcc/avr/4.7.2/avrxmega4\libgcc.a(_udivmodsi4.o)
                              src/RGB_LED.o (__udivmodsi4)
c:/program files/atmel/atmel toolchain/avr8 gcc/native/3.4.2.876/avr8-gnu-toolchain/bin/../lib/gcc/avr/4.7.2/avrxmega4\libgcc.a(_exit.o)
                              c:/program files/atmel/atmel toolchain/avr8 gcc/native/3.4.2.876/avr8-gnu-toolchain/bin/../lib/gcc/avr/4.7.2/../../../../avr/lib/avrxmega4/crtx64d3.o (exit)
c:/program files/atmel/atmel toolchain/avr8 gcc/native/3.4.2.876/avr8-gnu-toolchain/bin/../lib/gcc/avr/4.7.2/avrxmega4\libgcc.a(_copy_data.o)
                              src/buttons.o (__do_copy_data)
c:/program files/atmel/atmel toolchain/avr8 gcc/native/3.4.2.876/avr8-gnu-toolchain/bin/../lib/gcc/avr/4.7.2/avrxmega4\libgcc.a(_clear_bss.o)
                              src/analog.o (__do_clear_bss)
c:/program files/atmel/atmel toolchain/avr8 gcc/native/3.4.2.876/avr8-gnu-toolchain/bin/../lib/gcc/avr/4.7.2/avrxmega4\libgcc.a(_umulhisi3.o)
                              src/RGB_LED.o (__umulhisi3)
c:/program files/atmel/atmel toolchain/avr8 gcc/native/3.4.2.876/avr8-gnu-toolchain/bin/../lib/gcc/avr/4.7.2/avrxmega4\libgcc.a(_udivmodhi4.o)
                              c:/program files/atmel/atmel toolchain/avr8 gcc/native/3.4.2.876/avr8-gnu-toolchain/bin/../lib/gcc/avr/4.7.2/avrxmega4\libgcc.a(_divmodhi4.o) (__udivmodhi4)
c:/program files/atmel/atmel toolchain/avr8 gcc/native/3.4.2.876/avr8-gnu-toolchain/bin/../lib/gcc/avr/4.7.2/../../../../avr/lib/avrxmega4\libc.a(memchr.o)
                              src/configurations/keyboard.o (memchr)
c:/program files/atmel/atmel toolchain/avr8 gcc/native/3.4.2.876/avr8-gnu-toolchain/bin/../lib/gcc/avr/4.7.2/../../../../avr/lib/avrxmega4\libc.a(memcpy.o)
                              src/asf/xmega/drivers/nvm/nvm.o (memcpy)
c:/program files/atmel/atmel toolchain/avr8 gcc/native/3.4.2.876/avr8-gnu-toolchain/bin/../lib/gcc/avr/4.7.2/../../../../avr/lib/avrxmega4\libc.a(strcmp.o)
                              src/comm.o (strcmp)
c:/program files/atmel/atmel toolchain/avr8 gcc/native/3.4.2.876/avr8-gnu-toolchain/bin/../lib/gcc/avr/4.7.2/../../../../avr/lib/avrxmega4\libc.a(itoa.o)
                              src/main.o (itoa)
c:/program files/atmel/atmel toolchain/avr8 gcc/native/3.4.2.876/avr8-gnu-toolchain/bin/../lib/gcc/avr/4.7.2/../../../../avr/lib/avrxmega4\libc.a(printf.o)
                              src/ManufactureValidation.o (printf)
c:/program files/atmel/atmel toolchain/avr8 gcc/native/3.4.2.876/avr8-gnu-toolchain/bin/../lib/gcc/avr/4.7.2/../../../../avr/lib/avrxmega4\libc.a(sprintf.o)
                              src/ManufactureValidation.o (sprintf)
c:/program files/atmel/atmel toolchain/avr8 gcc/native/3.4.2.876/avr8-gnu-toolchain/bin/../lib/gcc/avr/4.7.2/../../../../avr/lib/avrxmega4\libc.a(vfprintf_std.o)
                              c:/program files/atmel/atmel toolchain/avr8 gcc/native/3.4.2.876/avr8-gnu-toolchain/bin/../lib/gcc/avr/4.7.2/../../../../avr/lib/avrxmega4\libc.a(printf.o) (vfprintf)
c:/program files/atmel/atmel toolchain/avr8 gcc/native/3.4.2.876/avr8-gnu-toolchain/bin/../lib/gcc/avr/4.7.2/../../../../avr/lib/avrxmega4\libc.a(strnlen_P.o)
                              c:/program files/atmel/atmel toolchain/avr8 gcc/native/3.4.2.876/avr8-gnu-toolchain/bin/../lib/gcc/avr/4.7.2/../../../../avr/lib/avrxmega4\libc.a(vfprintf_std.o) (strnlen_P)
c:/program files/atmel/atmel toolchain/avr8 gcc/native/3.4.2.876/avr8-gnu-toolchain/bin/../lib/gcc/avr/4.7.2/../../../../avr/lib/avrxmega4\libc.a(strnlen.o)
                              c:/program files/atmel/atmel toolchain/avr8 gcc/native/3.4.2.876/avr8-gnu-toolchain/bin/../lib/gcc/avr/4.7.2/../../../../avr/lib/avrxmega4\libc.a(vfprintf_std.o) (strnlen)
c:/program files/atmel/atmel toolchain/avr8 gcc/native/3.4.2.876/avr8-gnu-toolchain/bin/../lib/gcc/avr/4.7.2/../../../../avr/lib/avrxmega4\libc.a(strrev.o)
                              c:/program files/atmel/atmel toolchain/avr8 gcc/native/3.4.2.876/avr8-gnu-toolchain/bin/../lib/gcc/avr/4.7.2/../../../../avr/lib/avrxmega4\libc.a(itoa.o) (strrev)
c:/program files/atmel/atmel toolchain/avr8 gcc/native/3.4.2.876/avr8-gnu-toolchain/bin/../lib/gcc/avr/4.7.2/../../../../avr/lib/avrxmega4\libc.a(fputc.o)
                              c:/program files/atmel/atmel toolchain/avr8 gcc/native/3.4.2.876/avr8-gnu-toolchain/bin/../lib/gcc/avr/4.7.2/../../../../avr/lib/avrxmega4\libc.a(vfprintf_std.o) (fputc)
c:/program files/atmel/atmel toolchain/avr8 gcc/native/3.4.2.876/avr8-gnu-toolchain/bin/../lib/gcc/avr/4.7.2/../../../../avr/lib/avrxmega4\libc.a(iob.o)
[...]
Memory Configuration

Name             Origin             Length             Attributes
text             0x00000000         0x00100000         xr
data             0x00802000         0x0000ffa0         rw !x
eeprom           0x00810000         0x00010000         rw !x
fuse             0x00820000         0x00000400         rw !x
lock             0x00830000         0x00000400         rw !x
signature        0x00840000         0x00000400         rw !x
user_signatures  0x00850000         0x00000400         rw !x
*default*        0x00000000         0xffffffff

Linker script and memory map

LOAD c:/program files/atmel/atmel toolchain/avr8 gcc/native/3.4.2.876/avr8-gnu-toolchain/bin/../lib/gcc/avr/4.7.2/../../../../avr/lib/avrxmega4/crtx64d3.o
LOAD src/analog.o
LOAD src/asf/common/boards/user_board/init.o
LOAD src/battery_charger.o
LOAD src/bios.o
LOAD src/buttons.o
LOAD src/configurations/keyboard_ios.o
LOAD src/circular_buffer.o
LOAD src/comm.o
LOAD src/configurations.o
LOAD src/configurations/gamepad.o
LOAD src/configurations/j_stick.o
LOAD src/configurations/keyboard.o
LOAD src/configurations/keyboard_mouse.o
LOAD src/configurations/usb_serial.o
LOAD src/debug.o
LOAD src/drone_gamepad_config.o
LOAD src/drone_game_configurations.o
LOAD src/drone_gsrs_config.o
LOAD src/drone_gtel_config.o
LOAD src/drone_gtel_ios_config.o
LOAD src/drone_icp_config.o
LOAD src/drone_ios_config.o
LOAD src/drone_joystick_config.o
LOAD src/drone_keyboard_config.o
LOAD src/drone_keyboard_mouse_config.o
LOAD src/drone_ssf_arcade_config.o
LOAD src/drone_ssf_gamepad_config.o
LOAD src/drone_xplay_config.o
LOAD src/joysticks.o
LOAD src/ManufactureValidation.o
LOAD src/powerControl.o
LOAD src/RGB_LED.o
LOAD src/shared.o
LOAD src/strings.o
LOAD src/system_time.o
LOAD src/systick.o
LOAD src/usb.o
LOAD src/watchdog.o
LOAD src/asf/common/services/clock/xmega/sysclk.o
LOAD src/asf/common/services/ioport/xmega/ioport_compat.o
LOAD src/asf/common/services/serial/usart_serial.o
LOAD src/asf/common/services/sleepmgr/xmega/sleepmgr.o
LOAD src/asf/xmega/drivers/adc/adc.o
LOAD src/asf/xmega/drivers/adc/xmega_bcd/adc_bcd.o
LOAD src/asf/xmega/drivers/cpu/ccp.o
LOAD src/asf/xmega/drivers/nvm/nvm.o
LOAD src/asf/xmega/drivers/nvm/nvm_asm.o
LOAD src/asf/xmega/drivers/tc/tc.o
LOAD src/asf/xmega/drivers/usart/usart.o
LOAD src/asf/xmega/drivers/wdt/wdt.o
LOAD src/asf/xmega/services/pwm/pwm.o
LOAD src/bluetooth.o
LOAD src/main.o
START GROUP
END GROUP
LOAD c:/program files/atmel/atmel toolchain/avr8 gcc/native/3.4.2.876/avr8-gnu-toolchain/bin/../lib/gcc/avr/4.7.2/avrxmega4\libgcc.a
LOAD c:/program files/atmel/atmel toolchain/avr8 gcc/native/3.4.2.876/avr8-gnu-toolchain/bin/../lib/gcc/avr/4.7.2/../../../../avr/lib/avrxmega4\libc.a
LOAD c:/program files/atmel/atmel toolchain/avr8 gcc/native/3.4.2.876/avr8-gnu-toolchain/bin/../lib/gcc/avr/4.7.2/avrxmega4\libgcc.a

.hash
 *(.hash)

.dynsym
 *(.dynsym)

.dynstr
 *(.dynstr)

.gnu.version
 *(.gnu.version)

.gnu.version_d
 *(.gnu.version_d)

.gnu.version_r
 *(.gnu.version_r)

.rel.init
 *(.rel.init)

.rela.init
 *(.rela.init)

.rel.text
 *(.rel.text)
 *(.rel.text.*)
 *(.rel.gnu.linkonce.t*)

.rela.text
 *(.rela.text)
 *(.rela.text.*)
 *(.rela.gnu.linkonce.t*)

.rel.fini
 *(.rel.fini)

.rela.fini
 *(.rela.fini)

.rel.rodata
 *(.rel.rodata)
 *(.rel.rodata.*)
 *(.rel.gnu.linkonce.r*)

.rela.rodata
 *(.rela.rodata)
 *(.rela.rodata.*)
 *(.rela.gnu.linkonce.r*)

.rel.data
 *(.rel.data)
 *(.rel.data.*)
 *(.rel.gnu.linkonce.d*)

.rela.data
 *(.rela.data)
 *(.rela.data.*)
 *(.rela.gnu.linkonce.d*)

.rel.ctors
 *(.rel.ctors)

.rela.ctors
 *(.rela.ctors)

.rel.dtors
 *(.rel.dtors)

.rela.dtors
 *(.rela.dtors)

.rel.got
 *(.rel.got)

.rela.got
 *(.rela.got)

.rel.bss
 *(.rel.bss)

.rela.bss
 *(.rela.bss)

.rel.plt
 *(.rel.plt)

.rela.plt
 *(.rela.plt)

.text           0x00000000     0x4a84
 *(.vectors)
 .vectors       0x00000000      0x1c8 c:/program files/atmel/atmel toolchain/avr8 gcc/native/3.4.2.876/avr8-gnu-toolchain/bin/../lib/gcc/avr/4.7.2/../../../../avr/lib/avrxmega4/crtx64d3.o
                0x00000000                __vector_default
                0x00000000                __vectors
 *(.vectors)
 *(.progmem.gcc*)
 *(.progmem*)
 .progmem.data.btProxyMode
                0x000001c8        0xc src/strings.o
                0x000001c8                btProxyMode
 .progmem.data.debuguartinit
                0x000001d4       0x12 src/strings.o
                0x000001d4                debuguartinit
 .progmem.data.bad
                0x000001e6        0x4 src/strings.o
                0x000001e6                bad
 .progmem.data.good
                0x000001ea        0x5 src/strings.o
                0x000001ea                good
 .progmem.data.sleepmgr_configs
                0x000001ef        0x6 src/asf/common/services/sleepmgr/xmega/sleepmgr.o
                0x000001ef                sleepmgr_configs
                0x000001f6                . = ALIGN (0x2)
 *fill*         0x000001f5        0x1 
                0x000001f6                __trampolines_start = .
 *(.trampolines)
 .trampolines   0x000001f6        0x0 linker stubs
 *(.trampolines*)
                0x000001f6                __trampolines_end = .
 *(.jumptables)
 *(.jumptables*)
 *(.lowtext)
 *(.lowtext*)
                0x000001f6                __ctors_start = .
 *(.ctors)
                0x000001f6                __ctors_end = .
                0x000001f6                __dtors_start = .
 *(.dtors)
                0x000001f6                __dtors_end = .
 SORT(*)(.ctors)
 SORT(*)(.dtors)
 *(.init0)
 .init0         0x000001f6        0x0 c:/program files/atmel/atmel toolchain/avr8 gcc/native/3.4.2.876/avr8-gnu-toolchain/bin/../lib/gcc/avr/4.7.2/../../../../avr/lib/avrxmega4/crtx64d3.o
                0x000001f6                __init
 *(.init0)
 *(.init1)
 *(.init1)
 *(.init2)
 .init2         0x000001f6        0xc c:/program files/atmel/atmel toolchain/avr8 gcc/native/3.4.2.876/avr8-gnu-toolchain/bin/../lib/gcc/avr/4.7.2/../../../../avr/lib/avrxmega4/crtx64d3.o
 *(.init2)
 *(.init3)
 *(.init3)
 *(.init4)
 .init4         0x00000202       0x1a c:/program files/atmel/atmel toolchain/avr8 gcc/native/3.4.2.876/avr8-gnu-toolchain/bin/../lib/gcc/avr/4.7.2/avrxmega4\libgcc.a(_copy_data.o)
                0x00000202                __do_copy_data
 .init4         0x0000021c       0x10 c:/program files/atmel/atmel toolchain/avr8 gcc/native/3.4.2.876/avr8-gnu-toolchain/bin/../lib/gcc/avr/4.7.2/avrxmega4\libgcc.a(_clear_bss.o)
                0x0000021c                __do_clear_bss
 *(.init4)
 *(.init5)
 *(.init5)
 *(.init6)
 *(.init6)
 *(.init7)
 *(.init7)
 *(.init8)
 *(.init8)
 *(.init9)
 .init9         0x0000022c        0x8 c:/program files/atmel/atmel toolchain/avr8 gcc/native/3.4.2.876/avr8-gnu-toolchain/bin/../lib/gcc/avr/4.7.2/../../../../avr/lib/avrxmega4/crtx64d3.o
 *(.init9)
 *(.text)
 .text          0x00000234        0x2 c:/program files/atmel/atmel toolchain/avr8 gcc/native/3.4.2.876/avr8-gnu-toolchain/bin/../lib/gcc/avr/4.7.2/../../../../avr/lib/avrxmega4/crtx64d3.o
                0x00000234                __vector_38
                0x00000234                __vector_63
                0x00000234                __vector_28
                0x00000234                __vector_67
                0x00000234                __vector_1
                0x00000234                __vector_32
                0x00000234                __vector_75
                0x00000234                __vector_71
                0x00000234                __vector_91
                0x00000234                __vector_34
                0x00000234                __vector_62
                0x00000234                __vector_102
                0x00000234                __vector_24
                0x00000234                __vector_12
                0x00000234                __vector_55
                0x00000234                __vector_69
                0x00000234                __vector_90
                0x00000234                __vector_46
                0x00000234                __bad_interrupt
                0x00000234                __vector_72
                0x00000234                __vector_6
                0x00000234                __vector_31
                0x00000234                __vector_92
                0x00000234                __vector_35
                0x00000234                __vector_74
                0x00000234                __vector_39
                0x00000234                __vector_107
                0x00000234                __vector_3
                0x00000234                __vector_105
                0x00000234                __vector_98
                0x00000234                __vector_68
                0x00000234                __vector_30
                0x00000234                __vector_73
                0x00000234                __vector_45
                0x00000234                __vector_93
                0x00000234                __vector_61
                0x00000234                __vector_11
                0x00000234                __vector_54
                0x00000234                __vector_99
                0x00000234                __vector_13
                0x00000234                __vector_56
                0x00000234                __vector_7
                0x00000234                __vector_41
                0x00000234                __vector_86
                0x00000234                __vector_100
                0x00000234                __vector_101
                0x00000234                __vector_64
                0x00000234                __vector_88
                0x00000234                __vector_43
                0x00000234                __vector_27
                0x00000234                __vector_5
                0x00000234                __vector_33
                0x00000234                __vector_76
                0x00000234                __vector_37
                0x00000234                __vector_95
                0x00000234                __vector_103
                0x00000234                __vector_96
                0x00000234                __vector_89
                0x00000234                __vector_4
                0x00000234                __vector_44
                0x00000234                __vector_106
                0x00000234                __vector_9
                0x00000234                __vector_2
                0x00000234                __vector_66
                0x00000234                __vector_36
                0x00000234                __vector_58
                0x00000234                __vector_70
                0x00000234                __vector_83
                0x00000234                __vector_29
                0x00000234                __vector_60
                0x00000234                __vector_40
                0x00000234                __vector_85
                0x00000234                __vector_94
                0x00000234                __vector_8
                0x00000234                __vector_84
                0x00000234                __vector_57
                0x00000234                __vector_53
                0x00000234                __vector_10
                0x00000234                __vector_59
                0x00000234                __vector_97
                0x00000234                __vector_42
                0x00000234                __vector_87
                0x00000234                __vector_65
                0x00000236                . = ALIGN (0x2)
 *(.text.*)
 .text.setupAnalog
                0x00000236       0x44 src/analog.o
                0x00000236                setupAnalog
 .text.sampleAnalogChannel
                0x0000027a       0x5c src/analog.o
                0x0000027a                sampleAnalogChannel
 .text.enableAnalog
                0x000002d6        0x8 src/analog.o
                0x000002d6                enableAnalog
 .text.board_init
                0x000002de      0x27a src/asf/common/boards/user_board/init.o
                0x000002de                board_init
 .text.getChargeState
                0x00000558       0x54 src/battery_charger.o
                0x00000558                getChargeState
 .text.showChargingIndicators
                0x000005ac       0x2e src/battery_charger.o
                0x000005ac                showChargingIndicators
 .text.ManufactureTestButtonPress
                0x000005da      0x16e src/bios.o
                0x000005da                ManufactureTestButtonPress
 .text.biosMain
                0x00000748       0x94 src/bios.o
                0x00000748                biosMain
 .text.buttonActivated
                0x000007dc       0x70 src/buttons.o
                0x000007dc                buttonActivated
 .text.keyboardiOSInit
                0x0000084c        0xc src/configurations/keyboard_ios.o
                0x0000084c                keyboardiOSInit
 .text.keyboardiOSButtonHandler
                0x00000858       0xbe src/configurations/keyboard_ios.o
                0x00000858                keyboardiOSButtonHandler
 .text.initCB   0x00000916       0x12 src/circular_buffer.o
                0x00000916                initCB
 .text.addByteToCB
                0x00000928       0x3c src/circular_buffer.o
                0x00000928                addByteToCB
 .text.readByteFromCB
                0x00000964       0x3e src/circular_buffer.o
                0x00000964                readByteFromCB
 .text.readFromCB
                0x000009a2       0x42 src/circular_buffer.o
                0x000009a2                readFromCB
 .text.readStringFromCB
                0x000009e4       0x9e src/circular_buffer.o
                0x000009e4                readStringFromCB
 .text.byteToASCIIHex
                0x00000a82       0x32 src/comm.o
                0x00000a82                byteToASCIIHex
 .text.ASCIIHexToByte
                0x00000ab4       0x22 src/comm.o
                0x00000ab4                ASCIIHexToByte
 .text.sendCommOK
                0x00000ad6        0xa src/comm.o
                0x00000ad6                sendCommOK
 .text.commRS   0x00000ae0       0x1c src/comm.o
                0x00000ae0                commRS
 .text.commSG   0x00000afc        0xe src/comm.o
                0x00000afc                commSG
 .text.commRG   0x00000b0a       0x6c src/comm.o
                0x00000b0a                commRG
 .text.sendCommNO
                0x00000b76        0xa src/comm.o
                0x00000b76                sendCommNO
 .text.commSC   0x00000b80       0x26 src/comm.o
                0x00000b80                commSC
 .text.commWC   0x00000ba6       0x7a src/comm.o
                0x00000ba6                commWC
 .text.commAC   0x00000c20       0x1e src/comm.o
                0x00000c20                commAC
 .text.commRC   0x00000c3e       0x86 src/comm.o
                0x00000c3e                commRC
 .text.commWG   0x00000cc4       0x7a src/comm.o
                0x00000cc4                commWG
 .text.commAG   0x00000d3e       0x1e src/comm.o
                0x00000d3e                commAG
 .text.processComm
                0x00000d5c       0xea src/comm.o
                0x00000d5c                processComm
 .text.readGlobalHeader
                0x00000e46        0xe src/configurations.o
                0x00000e46                readGlobalHeader
 .text.writeGlobalHeader
                0x00000e54        0xe src/configurations.o
                0x00000e54                writeGlobalHeader
 .text.readControllerConfig
                0x00000e62       0x14 src/configurations.o
                0x00000e62                readControllerConfig
 .text.writeControllerConfig
                0x00000e76       0x14 src/configurations.o
                0x00000e76                writeControllerConfig
 .text.loadConfiguration
                0x00000e8a       0xb6 src/configurations.o
                0x00000e8a                loadConfiguration
 .text.whichConfiguration
                0x00000f40       0x8a src/configurations.o
                0x00000f40                whichConfiguration
 .text.gamepadInit
                0x00000fca        0xc src/configurations/gamepad.o
                0x00000fca                gamepadInit
 .text.gamepadReport
                0x00000fd6      0x2ac src/configurations/gamepad.o
                0x00000fd6                gamepadReport
 .text.gamepadJoystickHandler
                0x00001282      0x12a src/configurations/gamepad.o
                0x00001282                gamepadJoystickHandler
 .text.gamepadButtonHandler
                0x000013ac       0xaa src/configurations/gamepad.o
                0x000013ac                gamepadButtonHandler
 .text.jStickInit
                0x00001456       0x12 src/configurations/j_stick.o
                0x00001456                jStickInit
 .text.jStickReport
                0x00001468      0x2a0 src/configurations/j_stick.o
                0x00001468                jStickReport
 .text.jStickJoystickHandler
                0x00001708      0x12a src/configurations/j_stick.o
                0x00001708                jStickJoystickHandler
 .text.jStickButtonHandler
                0x00001832       0xaa src/configurations/j_stick.o
                0x00001832                jStickButtonHandler
 .text.keyboardInit
                0x000018dc        0xc src/configurations/keyboard.o
                0x000018dc                keyboardInit
 .text.changeButtonPressState
                0x000018e8      0x1d8 src/configurations/keyboard.o
                0x000018e8                changeButtonPressState
 .text.keyboardButtonHandler
                0x00001ac0        0x4 src/configurations/keyboard.o
                0x00001ac0                keyboardButtonHandler
 .text.keyboardMouseInit
                0x00001ac4       0x1a src/configurations/keyboard_mouse.o
                0x00001ac4                keyboardMouseInit
 .text.changeButtonState
                0x00001ade      0x34e src/configurations/keyboard_mouse.o
                0x00001ade                changeButtonState
 .text.keyboardMouseJoystickHandler
                0x00001e2c      0x2f4 src/configurations/keyboard_mouse.o
                0x00001e2c                keyboardMouseJoystickHandler
 .text.keyboadMouseButtonHandler
                0x00002120        0x4 src/configurations/keyboard_mouse.o
                0x00002120                keyboadMouseButtonHandler
 .text.sendDBGChar
                0x00002124        0xa src/debug.o
                0x00002124                sendDBGChar
 .text.sendDBGString
                0x0000212e       0x1c src/debug.o
                0x0000212e                sendDBGString
 .text.sendDBGLine
                0x0000214a        0xa src/debug.o
                0x0000214a                sendDBGLine
 .text.setupDbg
                0x00002154       0x66 src/debug.o
                0x00002154                setupDbg
 .text.IsTestMode
                0x000021ba        0xe src/ManufactureValidation.o
                0x000021ba                IsTestMode
 .text.RunHandTestProcedure
                0x000021c8       0xa0 src/ManufactureValidation.o
                0x000021c8                RunHandTestProcedure
 .text.ExecuteTest
                0x00002268       0x14 src/ManufactureValidation.o
                0x00002268                ExecuteTest
 .text.Wakeup   0x0000227c       0x52 src/powerControl.o
                0x0000227c                Wakeup
 .text.powerOff
                0x000022ce       0x4e src/powerControl.o
                0x000022ce                powerOff
 .text.checkForStartUp
                0x0000231c       0x62 src/powerControl.o
                0x0000231c                checkForStartUp
 .text.powerOn  0x0000237e       0x18 src/powerControl.o
                0x0000237e                powerOn
 .text.setupLEDs
                0x00002396       0x52 src/RGB_LED.o
                0x00002396                setupLEDs
 .text.setRedLEDValue
                0x000023e8       0x78 src/RGB_LED.o
                0x000023e8                setRedLEDValue
 .text.setGreenLEDValue
                0x00002460       0xf8 src/RGB_LED.o
                0x00002460                setGreenLEDValue
 .text.setBlueLEDValue
                0x00002558       0xf8 src/RGB_LED.o
                0x00002558                setBlueLEDValue
 .text.setLEDValue
                0x00002650       0x18 src/RGB_LED.o
                0x00002650                setLEDValue
 .text.getSystemTime
                0x00002668       0x28 src/system_time.o
                0x00002668                getSystemTime
 .text.tickSystemTime
                0x00002690       0x2e src/system_time.o
                0x00002690                tickSystemTime
 .text.startTimeout
                0x000026be       0x32 src/system_time.o
                0x000026be                startTimeout
 .text.checkTimeout
                0x000026f0       0x6e src/system_time.o
                0x000026f0                checkTimeout
 .text.cancelTimeout
                0x0000275e        0xc src/system_time.o
                0x0000275e                cancelTimeout
 .text.enableSysTick
                0x0000276a        0x8 src/systick.o
                0x0000276a                enableSysTick
 .text.disableSysTick
                0x00002772        0x8 src/systick.o
                0x00002772                disableSysTick
 .text.clearSysTickFlag
                0x0000277a        0xc src/systick.o
                0x0000277a                clearSysTickFlag
 .text.setupSysTick
                0x00002786       0x54 src/systick.o
                0x00002786                setupSysTick
 .text.setupUsb
                0x000027da       0x56 src/usb.o
                0x000027da                setupUsb
 .text.sendUSBChar
                0x00002830       0x22 src/usb.o
                0x00002830                sendUSBChar
 .text.sendUSBString
                0x00002852       0x2a src/usb.o
                0x00002852                sendUSBString
 .text.sendUSBLine
                0x0000287c        0xc src/usb.o
                0x0000287c                sendUSBLine
 .text.recvUSBString
                0x00002888        0xc src/usb.o
                0x00002888                recvUSBString
 .text.__vector_25
                0x00002894       0x6e src/usb.o
                0x00002894                __vector_25
 .text.__vector_26
                0x00002902       0x80 src/usb.o
                0x00002902                __vector_26
 .text.WatchdogInit
                0x00002982        0xa src/watchdog.o
                0x00002982                WatchdogInit
 .text.WatchdogPet
                0x0000298c        0xa src/watchdog.o
                0x0000298c                WatchdogPet
 .text.WatchdogValidate
                0x00002996       0x18 src/watchdog.o
                0x00002996                WatchdogValidate
 .text.WatchDogEnable
                0x000029ae        0xc src/watchdog.o
                0x000029ae                WatchDogEnable
 .text.WatchdogTaskRunning
                0x000029ba       0x26 src/watchdog.o
                0x000029ba                WatchdogTaskRunning
 .text.sysclk_init
                0x000029e0       0x4e src/asf/common/services/clock/xmega/sysclk.o
                0x000029e0                sysclk_init
 .text.sysclk_enable_module
                0x00002a2e       0x18 src/asf/common/services/clock/xmega/sysclk.o
                0x00002a2e                sysclk_enable_module
 .text.sysclk_disable_module
                0x00002a46       0x16 src/asf/common/services/clock/xmega/sysclk.o
                0x00002a46                sysclk_disable_module
 .text.adc_enable_clock
                0x00002a5c       0x1e src/asf/xmega/drivers/adc/adc.o
                0x00002a5c                adc_enable_clock
 .text.adc_disable_clock
                0x00002a7a       0x1c src/asf/xmega/drivers/adc/adc.o
                0x00002a7a                adc_disable_clock
 .text.adc_enable
                0x00002a96       0x2e src/asf/xmega/drivers/adc/adc.o
                0x00002a96                adc_enable
 .text.adc_write_configuration
                0x00002ac4       0x74 src/asf/xmega/drivers/adc/xmega_bcd/adc_bcd.o
                0x00002ac4                adc_write_configuration
 .text.adc_read_configuration
                0x00002b38       0x40 src/asf/xmega/drivers/adc/xmega_bcd/adc_bcd.o
                0x00002b38                adc_read_configuration
 .text.adcch_write_configuration
                0x00002b78       0x34 src/asf/xmega/drivers/adc/xmega_bcd/adc_bcd.o
                0x00002b78                adcch_write_configuration
 .text.adcch_read_configuration
                0x00002bac       0x34 src/asf/xmega/drivers/adc/xmega_bcd/adc_bcd.o
                0x00002bac                adcch_read_configuration
 .text.ccp_write_io
                0x00002be0        0xc src/asf/xmega/drivers/cpu/ccp.o
                0x00002be0                ccp_write_io
 .text.nvm_eeprom_read_buffer
                0x00002bec       0x34 src/asf/xmega/drivers/nvm/nvm.o
                0x00002bec                nvm_eeprom_read_buffer
 .text.nvm_eeprom_flush_buffer
                0x00002c20       0x22 src/asf/xmega/drivers/nvm/nvm.o
                0x00002c20                nvm_eeprom_flush_buffer
 .text.nvm_eeprom_write_byte
                0x00002c42       0x50 src/asf/xmega/drivers/nvm/nvm.o
                0x00002c42                nvm_eeprom_write_byte
 .text.nvm_eeprom_load_page_to_buffer
                0x00002c92       0x40 src/asf/xmega/drivers/nvm/nvm.o
                0x00002c92                nvm_eeprom_load_page_to_buffer
 .text.nvm_eeprom_atomic_write_page
                0x00002cd2       0x3a src/asf/xmega/drivers/nvm/nvm.o
                0x00002cd2                nvm_eeprom_atomic_write_page
 .text.nvm_eeprom_erase_and_write_buffer
                0x00002d0c       0x82 src/asf/xmega/drivers/nvm/nvm.o
                0x00002d0c                nvm_eeprom_erase_and_write_buffer
 .text.nvm_read_byte
                0x00002d8e       0x14 src/asf/xmega/drivers/nvm/nvm_asm.o
                0x00002d8e                nvm_read_byte
 .text.__vector_14
                0x00002da2       0x5a src/asf/xmega/drivers/tc/tc.o
                0x00002da2                __vector_14
 .text.__vector_15
                0x00002dfc       0x5a src/asf/xmega/drivers/tc/tc.o
                0x00002dfc                __vector_15
 .text.__vector_16
                0x00002e56       0x5a src/asf/xmega/drivers/tc/tc.o
                0x00002e56                __vector_16
 .text.__vector_17
                0x00002eb0       0x5a src/asf/xmega/drivers/tc/tc.o
                0x00002eb0                __vector_17
 .text.__vector_18
                0x00002f0a       0x5a src/asf/xmega/drivers/tc/tc.o
                0x00002f0a                __vector_18
 .text.__vector_19
                0x00002f64       0x5a src/asf/xmega/drivers/tc/tc.o
                0x00002f64                __vector_19
 .text.__vector_20
                0x00002fbe       0x5a src/asf/xmega/drivers/tc/tc.o
                0x00002fbe                __vector_20
 .text.__vector_21
                0x00003018       0x5a src/asf/xmega/drivers/tc/tc.o
                0x00003018                __vector_21
 .text.__vector_22
                0x00003072       0x5a src/asf/xmega/drivers/tc/tc.o
                0x00003072                __vector_22
 .text.__vector_23
                0x000030cc       0x5a src/asf/xmega/drivers/tc/tc.o
                0x000030cc                __vector_23
 .text.__vector_77
                0x00003126       0x5a src/asf/xmega/drivers/tc/tc.o
                0x00003126                __vector_77
 .text.__vector_78
                0x00003180       0x5a src/asf/xmega/drivers/tc/tc.o
                0x00003180                __vector_78
 .text.__vector_79
                0x000031da       0x5a src/asf/xmega/drivers/tc/tc.o
                0x000031da                __vector_79
 .text.__vector_80
                0x00003234       0x5a src/asf/xmega/drivers/tc/tc.o
                0x00003234                __vector_80
 .text.__vector_81
                0x0000328e       0x5a src/asf/xmega/drivers/tc/tc.o
                0x0000328e                __vector_81
 .text.__vector_82
                0x000032e8       0x5a src/asf/xmega/drivers/tc/tc.o
                0x000032e8                __vector_82
 .text.__vector_47
                0x00003342       0x5a src/asf/xmega/drivers/tc/tc.o
                0x00003342                __vector_47
 .text.__vector_48
                0x0000339c       0x5a src/asf/xmega/drivers/tc/tc.o
                0x0000339c                __vector_48
 .text.__vector_49
                0x000033f6       0x5a src/asf/xmega/drivers/tc/tc.o
                0x000033f6                __vector_49
 .text.__vector_50
                0x00003450       0x5a src/asf/xmega/drivers/tc/tc.o
                0x00003450                __vector_50
 .text.__vector_51
                0x000034aa       0x5a src/asf/xmega/drivers/tc/tc.o
                0x000034aa                __vector_51
 .text.__vector_52
                0x00003504       0x5a src/asf/xmega/drivers/tc/tc.o
                0x00003504                __vector_52
 .text.__vector_108
                0x0000355e       0x5a src/asf/xmega/drivers/tc/tc.o
                0x0000355e                __vector_108
 .text.__vector_109
                0x000035b8       0x5a src/asf/xmega/drivers/tc/tc.o
                0x000035b8                __vector_109
 .text.__vector_110
                0x00003612       0x5a src/asf/xmega/drivers/tc/tc.o
                0x00003612                __vector_110
 .text.__vector_111
                0x0000366c       0x5a src/asf/xmega/drivers/tc/tc.o
                0x0000366c                __vector_111
 .text.__vector_112
                0x000036c6       0x5a src/asf/xmega/drivers/tc/tc.o
                0x000036c6                __vector_112
 .text.__vector_113
                0x00003720       0x5a src/asf/xmega/drivers/tc/tc.o
                0x00003720                __vector_113
 .text.tc_enable
                0x0000377a       0x8c src/asf/xmega/drivers/tc/tc.o
                0x0000377a                tc_enable
 .text.tc_disable
                0x00003806       0x8c src/asf/xmega/drivers/tc/tc.o
                0x00003806                tc_disable
 .text.tc_set_overflow_interrupt_callback
                0x00003892       0x58 src/asf/xmega/drivers/tc/tc.o
                0x00003892                tc_set_overflow_interrupt_callback
 .text.usart_putchar
                0x000038ea       0x10 src/asf/xmega/drivers/usart/usart.o
                0x000038ea                usart_putchar
 .text.usart_set_baudrate
                0x000038fa      0x21c src/asf/xmega/drivers/usart/usart.o
                0x000038fa                usart_set_baudrate
 .text.usart_init_rs232
                0x00003b16       0x8a src/asf/xmega/drivers/usart/usart.o
                0x00003b16                usart_init_rs232
 .text.wdt_set_timeout_period
                0x00003ba0       0x28 src/asf/xmega/drivers/wdt/wdt.o
                0x00003ba0                wdt_set_timeout_period
 .text.wdt_disable
                0x00003bc8        0xe src/asf/xmega/drivers/wdt/wdt.o
                0x00003bc8                wdt_disable
 .text.wdt_enable
                0x00003bd6       0x1c src/asf/xmega/drivers/wdt/wdt.o
                0x00003bd6                wdt_enable
 .text.pwm_set_frequency
                0x00003bf2       0xd0 src/asf/xmega/services/pwm/pwm.o
                0x00003bf2                pwm_set_frequency
 .text.pwm_init
                0x00003cc2      0x166 src/asf/xmega/services/pwm/pwm.o
                0x00003cc2                pwm_init
 .text.pwm_start
                0x00003e28       0xa0 src/asf/xmega/services/pwm/pwm.o
                0x00003e28                pwm_start
 .text.setupBluetoothFast
                0x00003ec8       0x6a src/bluetooth.o
                0x00003ec8                setupBluetoothFast
 .text.sendBTHexPair
                0x00003f32       0x40 src/bluetooth.o
                0x00003f32                sendBTHexPair
 .text.hardwareflowcontrol
                0x00003f72       0x5e src/bluetooth.o
                0x00003f72                hardwareflowcontrol
 .text.turnBTOn
                0x00003fd0       0x34 src/bluetooth.o
                0x00003fd0                turnBTOn
 .text.sendBTChar
                0x00004004       0x1a src/bluetooth.o
                0x00004004                sendBTChar
 .text.sendBTString
                0x0000401e       0x1c src/bluetooth.o
                0x0000401e                sendBTString
 .text.sendBTCmd
                0x0000403a       0x24 src/bluetooth.o
                0x0000403a                sendBTCmd
 .text.initBTComms
                0x0000405e       0xa2 src/bluetooth.o
                0x0000405e                initBTComms
 .text.turnBTOff
                0x00004100       0x34 src/bluetooth.o
                0x00004100                turnBTOff
 .text.applyBTSettings
                0x00004134       0x30 src/bluetooth.o
                0x00004134                applyBTSettings
 .text.BluetoothKeyboardMode
                0x00004164        0x6 src/bluetooth.o
                0x00004164                BluetoothKeyboardMode
 .text.BluetoothComboMode
                0x0000416a        0x6 src/bluetooth.o
                0x0000416a                BluetoothComboMode
 .text.BluetoothGamePadMode
                0x00004170        0x6 src/bluetooth.o
                0x00004170                BluetoothGamePadMode
 .text.BluetoothJoystickMode
                0x00004176        0x6 src/bluetooth.o
                0x00004176                BluetoothJoystickMode
 .text.sysTickCallback
                0x0000417c       0x30 src/main.o
                0x0000417c                sysTickCallback
 .text.selectHandlers
                0x000041ac       0xf4 src/main.o
                0x000041ac                selectHandlers
 .text.SetupStartPinExternalInterrupt
                0x000042a0       0x2e src/main.o
                0x000042a0                SetupStartPinExternalInterrupt
 .text.main     0x000042ce      0x5f8 src/main.o
                0x000042ce                main
 .text.__vector_104
                0x000048c6       0x74 src/main.o
                0x000048c6                __vector_104
 .text.libgcc.div
                0x0000493a       0x26 c:/program files/atmel/atmel toolchain/avr8 gcc/native/3.4.2.876/avr8-gnu-toolchain/bin/../lib/gcc/avr/4.7.2/avrxmega4\libgcc.a(_divmodhi4.o)
                0x0000493a                _div
                0x0000493a                __divmodhi4
 .text.libgcc.div
                0x00004960       0x44 c:/program files/atmel/atmel toolchain/avr8 gcc/native/3.4.2.876/avr8-gnu-toolchain/bin/../lib/gcc/avr/4.7.2/avrxmega4\libgcc.a(_udivmodsi4.o)
                0x00004960                __udivmodsi4
 .text.libgcc.mul
                0x000049a4       0x18 c:/program files/atmel/atmel toolchain/avr8 gcc/native/3.4.2.876/avr8-gnu-toolchain/bin/../lib/gcc/avr/4.7.2/avrxmega4\libgcc.a(_umulhisi3.o)
                0x000049a4                __umulhisi3
 .text.libgcc.div
                0x000049bc       0x28 c:/program files/atmel/atmel toolchain/avr8 gcc/native/3.4.2.876/avr8-gnu-toolchain/bin/../lib/gcc/avr/4.7.2/avrxmega4\libgcc.a(_udivmodhi4.o)
                0x000049bc                __udivmodhi4
 .text.avr-libc
                0x000049e4       0x1a c:/program files/atmel/atmel toolchain/avr8 gcc/native/3.4.2.876/avr8-gnu-toolchain/bin/../lib/gcc/avr/4.7.2/../../../../avr/lib/avrxmega4\libc.a(memchr.o)
                0x000049e4                memchr
 .text.avr-libc
                0x000049fe       0x12 c:/program files/atmel/atmel toolchain/avr8 gcc/native/3.4.2.876/avr8-gnu-toolchain/bin/../lib/gcc/avr/4.7.2/../../../../avr/lib/avrxmega4\libc.a(memcpy.o)
                0x000049fe                memcpy
 .text.avr-libc
                0x00004a10       0x12 c:/program files/atmel/atmel toolchain/avr8 gcc/native/3.4.2.876/avr8-gnu-toolchain/bin/../lib/gcc/avr/4.7.2/../../../../avr/lib/avrxmega4\libc.a(strcmp.o)
                0x00004a10                strcmp
 .text.avr-libc
                0x00004a22       0x3e c:/program files/atmel/atmel toolchain/avr8 gcc/native/3.4.2.876/avr8-gnu-toolchain/bin/../lib/gcc/avr/4.7.2/../../../../avr/lib/avrxmega4\libc.a(itoa.o)
                0x00004a22                itoa
 .text.avr-libc
                0x00004a60       0x20 c:/program files/atmel/atmel toolchain/avr8 gcc/native/3.4.2.876/avr8-gnu-toolchain/bin/../lib/gcc/avr/4.7.2/../../../../avr/lib/avrxmega4\libc.a(strrev.o)
                0x00004a60                strrev
                0x00004a80                . = ALIGN (0x2)
 *(.fini9)
 .fini9         0x00004a80        0x0 c:/program files/atmel/atmel toolchain/avr8 gcc/native/3.4.2.876/avr8-gnu-toolchain/bin/../lib/gcc/avr/4.7.2/avrxmega4\libgcc.a(_exit.o)
                0x00004a80                _exit
                0x00004a80                exit
 *(.fini9)
 *(.fini8)
 *(.fini8)
 *(.fini7)
 *(.fini7)
 *(.fini6)
 *(.fini6)
 *(.fini5)
 *(.fini5)
 *(.fini4)
 *(.fini4)
 *(.fini3)
 *(.fini3)
 *(.fini2)
 *(.fini2)
 *(.fini1)
 *(.fini1)
 *(.fini0)
 .fini0         0x00004a80        0x4 c:/program files/atmel/atmel toolchain/avr8 gcc/native/3.4.2.876/avr8-gnu-toolchain/bin/../lib/gcc/avr/4.7.2/avrxmega4\libgcc.a(_exit.o)
 *(.fini0)
                0x00004a84                _etext = .

.data           0x00802000      0xa36 load address 0x00004a84
                0x00802000                PROVIDE (__data_start, .)
 *(.data)
 .data          0x00802000        0x0 c:/program files/atmel/atmel toolchain/avr8 gcc/native/3.4.2.876/avr8-gnu-toolchain/bin/../lib/gcc/avr/4.7.2/../../../../avr/lib/avrxmega4/crtx64d3.o
 .data          0x00802000        0x0 src/analog.o
 .data          0x00802000        0x0 src/asf/common/boards/user_board/init.o
 .data          0x00802000        0x0 src/battery_charger.o
 .data          0x00802000        0x0 src/bios.o
 .data          0x00802000        0x0 src/buttons.o
 .data          0x00802000        0x0 src/configurations/keyboard_ios.o
 .data          0x00802000        0x0 src/circular_buffer.o
 .data          0x00802000        0x0 src/comm.o
 .data          0x00802000        0x0 src/configurations.o
 .data          0x00802000        0x0 src/configurations/gamepad.o
 .data          0x00802000        0x0 src/configurations/j_stick.o
 .data          0x00802000        0x0 src/configurations/keyboard.o
 .data          0x00802000        0x0 src/configurations/keyboard_mouse.o
 .data          0x00802000        0x0 src/configurations/usb_serial.o
 .data          0x00802000        0x0 src/debug.o
 .data          0x00802000        0x0 src/drone_gamepad_config.o
 .data          0x00802000        0x0 src/drone_game_configurations.o
 .data          0x00802000        0x0 src/drone_gsrs_config.o
 .data          0x00802000        0x0 src/drone_gtel_config.o
 .data          0x00802000        0x0 src/drone_gtel_ios_config.o
 .data          0x00802000        0x0 src/drone_icp_config.o
 .data          0x00802000        0x0 src/drone_ios_config.o
 .data          0x00802000        0x0 src/drone_joystick_config.o
 .data          0x00802000        0x0 src/drone_keyboard_config.o
 .data          0x00802000        0x0 src/drone_keyboard_mouse_config.o
 .data          0x00802000        0x0 src/drone_ssf_arcade_config.o
 .data          0x00802000        0x0 src/drone_ssf_gamepad_config.o
 .data          0x00802000        0x0 src/drone_xplay_config.o
 .data          0x00802000        0x0 src/joysticks.o
 .data          0x00802000        0x0 src/ManufactureValidation.o
 .data          0x00802000        0x0 src/powerControl.o
 .data          0x00802000        0x0 src/RGB_LED.o
 .data          0x00802000        0x0 src/shared.o
 .data          0x00802000        0x0 src/strings.o
 .data          0x00802000        0x0 src/system_time.o
 .data          0x00802000        0x0 src/systick.o
 .data          0x00802000        0x0 src/usb.o
 .data          0x00802000        0x0 src/watchdog.o
 .data          0x00802000        0x0 src/asf/common/services/clock/xmega/sysclk.o
 .data          0x00802000        0x0 src/asf/common/services/ioport/xmega/ioport_compat.o
 .data          0x00802000        0x0 src/asf/common/services/serial/usart_serial.o
 .data          0x00802000        0x0 src/asf/common/services/sleepmgr/xmega/sleepmgr.o
 .data          0x00802000        0x0 src/asf/xmega/drivers/adc/adc.o
 .data          0x00802000        0x0 src/asf/xmega/drivers/adc/xmega_bcd/adc_bcd.o
 .data          0x00802000        0x0 src/asf/xmega/drivers/cpu/ccp.o
 .data          0x00802000        0x0 src/asf/xmega/drivers/nvm/nvm.o
 .data          0x00802000        0x0 src/asf/xmega/drivers/nvm/nvm_asm.o
 .data          0x00802000        0x0 src/asf/xmega/drivers/tc/tc.o
 .data          0x00802000        0x0 src/asf/xmega/drivers/usart/usart.o
 .data          0x00802000        0x0 src/asf/xmega/drivers/wdt/wdt.o
 .data          0x00802000        0x0 src/asf/xmega/services/pwm/pwm.o
 .data          0x00802000        0x0 src/bluetooth.o
 .data          0x00802000        0x0 src/main.o
 .data          0x00802000        0x0 c:/program files/atmel/atmel toolchain/avr8 gcc/native/3.4.2.876/avr8-gnu-toolchain/bin/../lib/gcc/avr/4.7.2/avrxmega4\libgcc.a(_divmodhi4.o)
 .data          0x00802000        0x0 c:/program files/atmel/atmel toolchain/avr8 gcc/native/3.4.2.876/avr8-gnu-toolchain/bin/../lib/gcc/avr/4.7.2/avrxmega4\libgcc.a(_udivmodsi4.o)
 .data          0x00802000        0x0 c:/program files/atmel/atmel toolchain/avr8 gcc/native/3.4.2.876/avr8-gnu-toolchain/bin/../lib/gcc/avr/4.7.2/avrxmega4\libgcc.a(_exit.o)
 .data          0x00802000        0x0 c:/program files/atmel/atmel toolchain/avr8 gcc/native/3.4.2.876/avr8-gnu-toolchain/bin/../lib/gcc/avr/4.7.2/avrxmega4\libgcc.a(_copy_data.o)
 .data          0x00802000        0x0 c:/program files/atmel/atmel toolchain/avr8 gcc/native/3.4.2.876/avr8-gnu-toolchain/bin/../lib/gcc/avr/4.7.2/avrxmega4\libgcc.a(_clear_bss.o)
 .data          0x00802000        0x0 c:/program files/atmel/atmel toolchain/avr8 gcc/native/3.4.2.876/avr8-gnu-toolchain/bin/../lib/gcc/avr/4.7.2/avrxmega4\libgcc.a(_umulhisi3.o)
 .data          0x00802000        0x0 c:/program files/atmel/atmel toolchain/avr8 gcc/native/3.4.2.876/avr8-gnu-toolchain/bin/../lib/gcc/avr/4.7.2/avrxmega4\libgcc.a(_udivmodhi4.o)
 .data          0x00802000        0x0 c:/program files/atmel/atmel toolchain/avr8 gcc/native/3.4.2.876/avr8-gnu-toolchain/bin/../lib/gcc/avr/4.7.2/../../../../avr/lib/avrxmega4\libc.a(memchr.o)
 .data          0x00802000        0x0 c:/program files/atmel/atmel toolchain/avr8 gcc/native/3.4.2.876/avr8-gnu-toolchain/bin/../lib/gcc/avr/4.7.2/../../../../avr/lib/avrxmega4\libc.a(memcpy.o)
 .data          0x00802000        0x0 c:/program files/atmel/atmel toolchain/avr8 gcc/native/3.4.2.876/avr8-gnu-toolchain/bin/../lib/gcc/avr/4.7.2/../../../../avr/lib/avrxmega4\libc.a(strcmp.o)
 .data          0x00802000        0x0 c:/program files/atmel/atmel toolchain/avr8 gcc/native/3.4.2.876/avr8-gnu-toolchain/bin/../lib/gcc/avr/4.7.2/../../../../avr/lib/avrxmega4\libc.a(itoa.o)
 .data          0x00802000        0x0 c:/program files/atmel/atmel toolchain/avr8 gcc/native/3.4.2.876/avr8-gnu-toolchain/bin/../lib/gcc/avr/4.7.2/../../../../avr/lib/avrxmega4\libc.a(printf.o)
 .data          0x00802000        0x0 c:/program files/atmel/atmel toolchain/avr8 gcc/native/3.4.2.876/avr8-gnu-toolchain/bin/../lib/gcc/avr/4.7.2/../../../../avr/lib/avrxmega4\libc.a(sprintf.o)
 .data          0x00802000        0x0 c:/program files/atmel/atmel toolchain/avr8 gcc/native/3.4.2.876/avr8-gnu-toolchain/bin/../lib/gcc/avr/4.7.2/../../../../avr/lib/avrxmega4\libc.a(vfprintf_std.o)
 .data          0x00802000        0x0 c:/program files/atmel/atmel toolchain/avr8 gcc/native/3.4.2.876/avr8-gnu-toolchain/bin/../lib/gcc/avr/4.7.2/../../../../avr/lib/avrxmega4\libc.a(strnlen_P.o)
 .data          0x00802000        0x0 c:/program files/atmel/atmel toolchain/avr8 gcc/native/3.4.2.876/avr8-gnu-toolchain/bin/../lib/gcc/avr/4.7.2/../../../../avr/lib/avrxmega4\libc.a(strnlen.o)
 .data          0x00802000        0x0 c:/program files/atmel/atmel toolchain/avr8 gcc/native/3.4.2.876/avr8-gnu-toolchain/bin/../lib/gcc/avr/4.7.2/../../../../avr/lib/avrxmega4\libc.a(strrev.o)
 .data          0x00802000        0x0 c:/program files/atmel/atmel toolchain/avr8 gcc/native/3.4.2.876/avr8-gnu-toolchain/bin/../lib/gcc/avr/4.7.2/../../../../avr/lib/avrxmega4\libc.a(fputc.o)
 .data          0x00802000        0x0 c:/program files/atmel/atmel toolchain/avr8 gcc/native/3.4.2.876/avr8-gnu-toolchain/bin/../lib/gcc/avr/4.7.2/../../../../avr/lib/avrxmega4\libc.a(iob.o)
 .data          0x00802000        0x0 c:/program files/atmel/atmel toolchain/avr8 gcc/native/3.4.2.876/avr8-gnu-toolchain/bin/../lib/gcc/avr/4.7.2/../../../../avr/lib/avrxmega4\libc.a(ultoa_invert.o)
 *(.data*)
 .data.buttons  0x00802000       0x38 src/buttons.o
                0x00802000                buttons
 .data.joysticks
                0x00802038       0x1c src/joysticks.o
                0x00802038                joysticks
 .data.USART_SERIAL_OPTIONS.5046
                0x00802054        0x7 src/usb.o
 .data.mainLoopWatchdog
                0x0080205b        0x2 src/watchdog.o
 .data.modemResponseWatchdog
                0x0080205d        0x2 src/watchdog.o
 *(.rodata)
 .rodata        0x0080205f        0x7 src/debug.o
 .rodata        0x00802066        0x7 src/bluetooth.o
 *(.rodata*)
 .rodata.str1.1
                0x0080206d       0x10 src/configurations/keyboard_ios.o
 .rodata.str1.1
                0x0080207d       0x4d src/comm.o
 .rodata.COMMANDS
                0x008020ca       0x24 src/comm.o
                0x008020ca                COMMANDS
 .rodata.str1.1
                0x008020ee       0x1c src/configurations.o
                                 0x1d (size before relaxing)
 .rodata.str1.1
                0x0080210a       0x25 src/configurations/gamepad.o
                                 0x26 (size before relaxing)
 .rodata.str1.1
                0x0080212f        0xb src/configurations/j_stick.o
                                 0x31 (size before relaxing)
 .rodata.str1.1
                0x00000000       0x10 src/configurations/keyboard.o
 .rodata.str1.1
                0x0080213a       0x19 src/configurations/keyboard_mouse.o
                                 0x2a (size before relaxing)
 .rodata.DRONE_GAMEPAD_CONFIG
                0x00802153       0xab src/drone_gamepad_config.o
                0x00802153                DRONE_GAMEPAD_CONFIG
 .rodata.DEFAULT_HEADER
                0x008021fe       0x87 src/drone_game_configurations.o
                0x008021fe                DEFAULT_HEADER
 .rodata.DRONE_GSRS_CONFIG
                0x00802285       0xab src/drone_gsrs_config.o
                0x00802285                DRONE_GSRS_CONFIG
 .rodata.DRONE_GTEL_CONFIG
                0x00802330       0xab src/drone_gtel_config.o
                0x00802330                DRONE_GTEL_CONFIG
 .rodata.DRONE_GTEL_IOS_CONFIG
                0x008023db       0xab src/drone_gtel_ios_config.o
                0x008023db                DRONE_GTEL_IOS_CONFIG
 .rodata.DRONE_ICP_CONFIG
                0x00802486       0xab src/drone_icp_config.o
                0x00802486                DRONE_ICP_CONFIG
 .rodata.DRONE_IOS_CONFIG
                0x00802531       0xab src/drone_ios_config.o
                0x00802531                DRONE_IOS_CONFIG
 .rodata.DRONE_JOYSTICK_CONFIG
                0x008025dc       0xab src/drone_joystick_config.o
                0x008025dc                DRONE_JOYSTICK_CONFIG
 .rodata.DRONE_KEYBOARD_CONFIG
                0x00802687       0xab src/drone_keyboard_config.o
                0x00802687                DRONE_KEYBOARD_CONFIG
 .rodata.DRONE_KEYBOARD_MOUSE_CONFIG
                0x00802732       0xab src/drone_keyboard_mouse_config.o
                0x00802732                DRONE_KEYBOARD_MOUSE_CONFIG
 .rodata.DRONE_SSF_ARCADE_CONFIG
                0x008027dd       0xab src/drone_ssf_arcade_config.o
                0x008027dd                DRONE_SSF_ARCADE_CONFIG
 .rodata.str1.1
                0x00802888       0x18 src/ManufactureValidation.o
 .rodata.str1.1
                0x008028a0       0x19 src/usb.o
 .rodata.str1.1
                0x008028b9        0x2 src/watchdog.o
 .rodata.str1.1
                0x008028bb      0x109 src/bluetooth.o
                                0x115 (size before relaxing)
 .rodata.str1.1
                0x008029c4       0x71 src/main.o
                                 0x72 (size before relaxing)
 *(.gnu.linkonce.d*)
                0x00802a36                . = ALIGN (0x2)
 *fill*         0x00802a35        0x1 
                0x00802a36                _edata = .
                0x00802a36                PROVIDE (__data_end, .)

.bss            0x00802a36      0x382
                0x00802a36                PROVIDE (__bss_start, .)
 *(.bss)
 *(.bss*)
 .bss.analog_config
                0x00802a36        0x6 src/analog.o
 .bss.analog_channel_config
                0x00802a3c        0x3 src/analog.o
 .bss.my_cc     0x00802a3f        0x2 src/configurations/keyboard_ios.o
 .bss.ghTemp    0x00802a41       0x87 src/comm.o
 .bss.ghAddr    0x00802ac8        0x1 src/comm.o
 .bss.ccTemp    0x00802ac9       0xab src/comm.o
 .bss.ccAddr    0x00802b74        0x1 src/comm.o
 .bss.my_cc     0x00802b75        0x2 src/configurations/gamepad.o
 .bss.pressed_buttons
                0x00802b77        0x4 src/configurations/gamepad.o
 .bss.current_xy
                0x00802b7b        0x4 src/configurations/gamepad.o
 .bss.previous_pressed_buttons
                0x00802b7f        0x4 src/configurations/gamepad.o
 .bss.previous_xy
                0x00802b83        0x4 src/configurations/gamepad.o
 .bss.my_cc     0x00802b87        0x2 src/configurations/j_stick.o
 .bss.pressed_buttons
                0x00802b89        0x4 src/configurations/j_stick.o
 .bss.current_xy
                0x00802b8d        0x4 src/configurations/j_stick.o
 .bss.previous_pressed_buttons
                0x00802b91        0x4 src/configurations/j_stick.o
 .bss.previous_xy
                0x00802b95        0x4 src/configurations/j_stick.o
 .bss.my_cc     0x00802b99        0x2 src/configurations/keyboard.o
 .bss.pressed_buttons
                0x00802b9b        0x4 src/configurations/keyboard.o
 .bss.my_cc     0x00802b9f        0x2 src/configurations/keyboard_mouse.o
 .bss.mouse_timeout
                0x00802ba1        0x8 src/configurations/keyboard_mouse.o
 .bss.mouse_x.5376
                0x00802ba9        0x1 src/configurations/keyboard_mouse.o
 .bss.mouse_y.5377
                0x00802baa        0x1 src/configurations/keyboard_mouse.o
 .bss.state_x.5373
                0x00802bab        0x2 src/configurations/keyboard_mouse.o
 .bss.state_y.5374
                0x00802bad        0x2 src/configurations/keyboard_mouse.o
 .bss.mouse_buttons
                0x00802baf        0x1 src/configurations/keyboard_mouse.o
 .bss.last_mouse_buttons.5372
                0x00802bb0        0x1 src/configurations/keyboard_mouse.o
 .bss.pressed_buttons
                0x00802bb1        0x4 src/configurations/keyboard_mouse.o
 .bss.swapBlueGreen
                0x00802bb5        0x1 src/RGB_LED.o
 .bss.pwm_cfg   0x00802bb6       0x15 src/RGB_LED.o
 .bss.system_time
                0x00802bcb        0x4 src/system_time.o
 .bss.rxCB      0x00802bcf        0x6 src/usb.o
 .bss.rxBuffer  0x00802bd5       0x40 src/usb.o
 .bss.txCB      0x00802c15        0x6 src/usb.o
 .bss.txBuffer  0x00802c1b       0x20 src/usb.o
 .bss.adca_enable_count
                0x00802c3b        0x1 src/asf/xmega/drivers/adc/adc.o
 .bss.tc_tcc0_ovf_callback
                0x00802c3c        0x2 src/asf/xmega/drivers/tc/tc.o
 .bss.tc_tcc0_err_callback
                0x00802c3e        0x2 src/asf/xmega/drivers/tc/tc.o
 .bss.tc_tcc0_cca_callback
                0x00802c40        0x2 src/asf/xmega/drivers/tc/tc.o
 .bss.tc_tcc0_ccb_callback
                0x00802c42        0x2 src/asf/xmega/drivers/tc/tc.o
 .bss.tc_tcc0_ccc_callback
                0x00802c44        0x2 src/asf/xmega/drivers/tc/tc.o
 .bss.tc_tcc0_ccd_callback
                0x00802c46        0x2 src/asf/xmega/drivers/tc/tc.o
 .bss.tc_tcc1_ovf_callback
                0x00802c48        0x2 src/asf/xmega/drivers/tc/tc.o
 .bss.tc_tcc1_err_callback
                0x00802c4a        0x2 src/asf/xmega/drivers/tc/tc.o
 .bss.tc_tcc1_cca_callback
                0x00802c4c        0x2 src/asf/xmega/drivers/tc/tc.o
 .bss.tc_tcc1_ccb_callback
                0x00802c4e        0x2 src/asf/xmega/drivers/tc/tc.o
 .bss.tc_tcd0_ovf_callback
                0x00802c50        0x2 src/asf/xmega/drivers/tc/tc.o
 .bss.tc_tcd0_err_callback
                0x00802c52        0x2 src/asf/xmega/drivers/tc/tc.o
 .bss.tc_tcd0_cca_callback
                0x00802c54        0x2 src/asf/xmega/drivers/tc/tc.o
 .bss.tc_tcd0_ccb_callback
                0x00802c56        0x2 src/asf/xmega/drivers/tc/tc.o
 .bss.tc_tcd0_ccc_callback
                0x00802c58        0x2 src/asf/xmega/drivers/tc/tc.o
 .bss.tc_tcd0_ccd_callback
                0x00802c5a        0x2 src/asf/xmega/drivers/tc/tc.o
 .bss.tc_tce0_ovf_callback
                0x00802c5c        0x2 src/asf/xmega/drivers/tc/tc.o
 .bss.tc_tce0_err_callback
                0x00802c5e        0x2 src/asf/xmega/drivers/tc/tc.o
 .bss.tc_tce0_cca_callback
                0x00802c60        0x2 src/asf/xmega/drivers/tc/tc.o
 .bss.tc_tce0_ccb_callback
                0x00802c62        0x2 src/asf/xmega/drivers/tc/tc.o
 .bss.tc_tce0_ccc_callback
                0x00802c64        0x2 src/asf/xmega/drivers/tc/tc.o
 .bss.tc_tce0_ccd_callback
                0x00802c66        0x2 src/asf/xmega/drivers/tc/tc.o
 .bss.tc_tcf0_ovf_callback
                0x00802c68        0x2 src/asf/xmega/drivers/tc/tc.o
 .bss.tc_tcf0_err_callback
                0x00802c6a        0x2 src/asf/xmega/drivers/tc/tc.o
 .bss.tc_tcf0_cca_callback
                0x00802c6c        0x2 src/asf/xmega/drivers/tc/tc.o
 .bss.tc_tcf0_ccb_callback
                0x00802c6e        0x2 src/asf/xmega/drivers/tc/tc.o
 .bss.tc_tcf0_ccc_callback
                0x00802c70        0x2 src/asf/xmega/drivers/tc/tc.o
 .bss.tc_tcf0_ccd_callback
                0x00802c72        0x2 src/asf/xmega/drivers/tc/tc.o
 .bss.bluetooth_on
                0x00802c74        0x1 src/bluetooth.o
 .bss.button_handler_init
                0x00802c75        0x2 src/main.o
 .bss.button_handler
                0x00802c77        0x2 src/main.o
 .bss.joystick_handler
                0x00802c79        0x2 src/main.o
 .bss.wdtCheckCount.5529
                0x00802c7b        0x2 src/main.o
 *(COMMON)
 COMMON         0x00802c7d        0x6 src/asf/common/services/sleepmgr/xmega/sleepmgr.o
                0x00802c7d                sleepmgr_locks
 COMMON         0x00802c83      0x135 src/main.o
                0x00802c83                bios
                0x00802c84                global_header
                0x00802d0b                turnedOn
                0x00802d0c                pulse
                0x00802d0d                ccc
                0x00802db8                PROVIDE (__bss_end, .)
                0x00004a84                __data_load_start = LOADADDR (.data)
                0x000054ba                __data_load_end = (__data_load_start + SIZEOF (.data))

.noinit         0x00802db8        0x0
                0x00802db8                PROVIDE (__noinit_start, .)
 *(.noinit*)
                0x00802db8                PROVIDE (__noinit_end, .)
                0x00802db8                _end = .
                0x00802db8                PROVIDE (__heap_start, .)

.eeprom         0x00810000        0x0
 *(.eeprom*)
                0x00810000                __eeprom_end = .

.fuse
 *(.fuse)
 *(.lfuse)
 *(.hfuse)
 *(.efuse)

.lock
 *(.lock*)

.signature
 *(.signature*)

.user_signatures
 *(.user_signatures*)

.stab           0x00000000     0x10c8
 *(.stab)
 .stab          0x00000000      0x6cc c:/program files/atmel/atmel toolchain/avr8 gcc/native/3.4.2.876/avr8-gnu-toolchain/bin/../lib/gcc/avr/4.7.2/../../../../avr/lib/avrxmega4/crtx64d3.o
 .stab          0x000006cc       0xb4 c:/program files/atmel/atmel toolchain/avr8 gcc/native/3.4.2.876/avr8-gnu-toolchain/bin/../lib/gcc/avr/4.7.2/../../../../avr/lib/avrxmega4\libc.a(memchr.o)
                                 0xc0 (size before relaxing)
 .stab          0x00000780       0x84 c:/program files/atmel/atmel toolchain/avr8 gcc/native/3.4.2.876/avr8-gnu-toolchain/bin/../lib/gcc/avr/4.7.2/../../../../avr/lib/avrxmega4\libc.a(memcpy.o)
                                 0x90 (size before relaxing)
 .stab          0x00000804       0x84 c:/program files/atmel/atmel toolchain/avr8 gcc/native/3.4.2.876/avr8-gnu-toolchain/bin/../lib/gcc/avr/4.7.2/../../../../avr/lib/avrxmega4\libc.a(strcmp.o)
                                 0x90 (size before relaxing)
 .stab          0x00000888      0x1b0 c:/program files/atmel/atmel toolchain/avr8 gcc/native/3.4.2.876/avr8-gnu-toolchain/bin/../lib/gcc/avr/4.7.2/../../../../avr/lib/avrxmega4\libc.a(itoa.o)
                                0x1bc (size before relaxing)
 .stab          0x00000a38       0x9c c:/program files/atmel/atmel toolchain/avr8 gcc/native/3.4.2.876/avr8-gnu-toolchain/bin/../lib/gcc/avr/4.7.2/../../../../avr/lib/avrxmega4\libc.a(strnlen_P.o)
                                 0xa8 (size before relaxing)
 .stab          0x00000ad4       0x9c c:/program files/atmel/atmel toolchain/avr8 gcc/native/3.4.2.876/avr8-gnu-toolchain/bin/../lib/gcc/avr/4.7.2/../../../../avr/lib/avrxmega4\libc.a(strnlen.o)
                                 0xa8 (size before relaxing)
 .stab          0x00000b70       0xd8 c:/program files/atmel/atmel toolchain/avr8 gcc/native/3.4.2.876/avr8-gnu-toolchain/bin/../lib/gcc/avr/4.7.2/../../../../avr/lib/avrxmega4\libc.a(strrev.o)
                                 0xe4 (size before relaxing)
 .stab          0x00000c48      0x480 c:/program files/atmel/atmel toolchain/avr8 gcc/native/3.4.2.876/avr8-gnu-toolchain/bin/../lib/gcc/avr/4.7.2/../../../../avr/lib/avrxmega4\libc.a(ultoa_invert.o)
                                0x48c (size before relaxing)

.stabstr        0x00000000      0x389
 *(.stabstr)
 .stabstr       0x00000000      0x389 c:/program files/atmel/atmel toolchain/avr8 gcc/native/3.4.2.876/avr8-gnu-toolchain/bin/../lib/gcc/avr/4.7.2/../../../../avr/lib/avrxmega4/crtx64d3.o

.stab.excl
 *(.stab.excl)

.stab.exclstr
 *(.stab.exclstr)

.stab.index
 *(.stab.index)

.stab.indexstr
 *(.stab.indexstr)

.comment        0x00000000       0x2f
 *(.comment)
 .comment       0x00000000       0x2f src/analog.o
                                 0x30 (size before relaxing)
 .comment       0x00000000       0x30 src/asf/common/boards/user_board/init.o
 .comment       0x00000000       0x30 src/battery_charger.o
 .comment       0x00000000       0x30 src/bios.o
 .comment       0x00000000       0x30 src/buttons.o
 .comment       0x00000000       0x30 src/configurations/keyboard_ios.o
 .comment       0x00000000       0x30 src/circular_buffer.o
 .comment       0x00000000       0x30 src/comm.o
 .comment       0x00000000       0x30 src/configurations.o
 .comment       0x00000000       0x30 src/configurations/gamepad.o
 .comment       0x00000000       0x30 src/configurations/j_stick.o
 .comment       0x00000000       0x30 src/configurations/keyboard.o
 .comment       0x00000000       0x30 src/configurations/keyboard_mouse.o
 .comment       0x00000000       0x30 src/configurations/usb_serial.o
 .comment       0x00000000       0x30 src/debug.o
 .comment       0x00000000       0x30 src/drone_gamepad_config.o
 .comment       0x00000000       0x30 src/drone_game_configurations.o
 .comment       0x00000000       0x30 src/drone_gsrs_config.o
 .comment       0x00000000       0x30 src/drone_gtel_config.o
 .comment       0x00000000       0x30 src/drone_gtel_ios_config.o
 .comment       0x00000000       0x30 src/drone_icp_config.o
 .comment       0x00000000       0x30 src/drone_ios_config.o
 .comment       0x00000000       0x30 src/drone_joystick_config.o
 .comment       0x00000000       0x30 src/drone_keyboard_config.o
 .comment       0x00000000       0x30 src/drone_keyboard_mouse_config.o
 .comment       0x00000000       0x30 src/drone_ssf_arcade_config.o
 .comment       0x00000000       0x30 src/drone_ssf_gamepad_config.o
 .comment       0x00000000       0x30 src/drone_xplay_config.o
 .comment       0x00000000       0x30 src/joysticks.o
 .comment       0x00000000       0x30 src/ManufactureValidation.o
 .comment       0x00000000       0x30 src/powerControl.o
 .comment       0x00000000       0x30 src/RGB_LED.o
 .comment       0x00000000       0x30 src/shared.o
 .comment       0x00000000       0x30 src/strings.o
 .comment       0x00000000       0x30 src/system_time.o
 .comment       0x00000000       0x30 src/systick.o
 .comment       0x00000000       0x30 src/usb.o
 .comment       0x00000000       0x30 src/watchdog.o
 .comment       0x00000000       0x30 src/asf/common/services/clock/xmega/sysclk.o
 .comment       0x00000000       0x30 src/asf/common/services/ioport/xmega/ioport_compat.o
 .comment       0x00000000       0x30 src/asf/common/services/serial/usart_serial.o
 .comment       0x00000000       0x30 src/asf/common/services/sleepmgr/xmega/sleepmgr.o
 .comment       0x00000000       0x30 src/asf/xmega/drivers/adc/adc.o
 .comment       0x00000000       0x30 src/asf/xmega/drivers/adc/xmega_bcd/adc_bcd.o
 .comment       0x00000000       0x30 src/asf/xmega/drivers/nvm/nvm.o
 .comment       0x00000000       0x30 src/asf/xmega/drivers/tc/tc.o
 .comment       0x00000000       0x30 src/asf/xmega/drivers/usart/usart.o
 .comment       0x00000000       0x30 src/asf/xmega/drivers/wdt/wdt.o
 .comment       0x00000000       0x30 src/asf/xmega/services/pwm/pwm.o
 .comment       0x00000000       0x30 src/bluetooth.o
 .comment       0x00000000       0x30 src/main.o
 .comment       0x00000000       0x30 c:/program files/atmel/atmel toolchain/avr8 gcc/native/3.4.2.876/avr8-gnu-toolchain/bin/../lib/gcc/avr/4.7.2/../../../../avr/lib/avrxmega4\libc.a(printf.o)
 .comment       0x00000000       0x30 c:/program files/atmel/atmel toolchain/avr8 gcc/native/3.4.2.876/avr8-gnu-toolchain/bin/../lib/gcc/avr/4.7.2/../../../../avr/lib/avrxmega4\libc.a(sprintf.o)
 .comment       0x00000000       0x30 c:/program files/atmel/atmel toolchain/avr8 gcc/native/3.4.2.876/avr8-gnu-toolchain/bin/../lib/gcc/avr/4.7.2/../../../../avr/lib/avrxmega4\libc.a(vfprintf_std.o)
 .comment       0x00000000       0x30 c:/program files/atmel/atmel toolchain/avr8 gcc/native/3.4.2.876/avr8-gnu-toolchain/bin/../lib/gcc/avr/4.7.2/../../../../avr/lib/avrxmega4\libc.a(fputc.o)
 .comment       0x00000000       0x30 c:/program files/atmel/atmel toolchain/avr8 gcc/native/3.4.2.876/avr8-gnu-toolchain/bin/../lib/gcc/avr/4.7.2/../../../../avr/lib/avrxmega4\libc.a(iob.o)

.debug
 *(.debug)

.line
 *(.line)

.debug_srcinfo
 *(.debug_srcinfo)

.debug_sfnames
 *(.debug_sfnames)

.debug_aranges  0x00000000      0xcc0
 *(.debug_aranges)
 .debug_aranges
                0x00000000       0x38 src/analog.o
 .debug_aranges
                0x00000038       0x20 src/asf/common/boards/user_board/init.o
 .debug_aranges
                0x00000058       0x28 src/battery_charger.o
 .debug_aranges
                0x00000080       0x28 src/bios.o
 .debug_aranges
                0x000000a8       0x20 src/buttons.o
 .debug_aranges
                0x000000c8       0x28 src/configurations/keyboard_ios.o
 .debug_aranges
                0x000000f0       0x48 src/circular_buffer.o
 .debug_aranges
                0x00000138       0x88 src/comm.o
 .debug_aranges
                0x000001c0       0x48 src/configurations.o
 .debug_aranges
                0x00000208       0x38 src/configurations/gamepad.o
 .debug_aranges
                0x00000240       0x38 src/configurations/j_stick.o
 .debug_aranges
                0x00000278       0x30 src/configurations/keyboard.o
 .debug_aranges
                0x000002a8       0x38 src/configurations/keyboard_mouse.o
 .debug_aranges
                0x000002e0       0x28 src/configurations/usb_serial.o
 .debug_aranges
                0x00000308       0x40 src/debug.o
 .debug_aranges
                0x00000348       0x18 src/drone_gamepad_config.o
 .debug_aranges
                0x00000360       0x18 src/drone_game_configurations.o
 .debug_aranges
                0x00000378       0x18 src/drone_gsrs_config.o
 .debug_aranges
                0x00000390       0x18 src/drone_gtel_config.o
 .debug_aranges
                0x000003a8       0x18 src/drone_gtel_ios_config.o
 .debug_aranges
                0x000003c0       0x18 src/drone_icp_config.o
 .debug_aranges
                0x000003d8       0x18 src/drone_ios_config.o
 .debug_aranges
                0x000003f0       0x18 src/drone_joystick_config.o
 .debug_aranges
                0x00000408       0x18 src/drone_keyboard_config.o
 .debug_aranges
                0x00000420       0x18 src/drone_keyboard_mouse_config.o
 .debug_aranges
                0x00000438       0x18 src/drone_ssf_arcade_config.o
 .debug_aranges
                0x00000450       0x18 src/drone_ssf_gamepad_config.o
 .debug_aranges
                0x00000468       0x18 src/drone_xplay_config.o
 .debug_aranges
                0x00000480       0x18 src/joysticks.o
 .debug_aranges
                0x00000498       0xb0 src/ManufactureValidation.o
 .debug_aranges
                0x00000548       0x38 src/powerControl.o
 .debug_aranges
                0x00000580       0x40 src/RGB_LED.o
 .debug_aranges
                0x000005c0       0x20 src/shared.o
 .debug_aranges
                0x000005e0       0x18 src/strings.o
 .debug_aranges
                0x000005f8       0x48 src/system_time.o
 .debug_aranges
                0x00000640       0x38 src/systick.o
 .debug_aranges
                0x00000678       0x68 src/usb.o
 .debug_aranges
                0x000006e0       0x40 src/watchdog.o
 .debug_aranges
                0x00000720       0x30 src/asf/common/services/clock/xmega/sysclk.o
 .debug_aranges
                0x00000750       0x20 src/asf/common/services/ioport/xmega/ioport_compat.o
 .debug_aranges
                0x00000770       0x28 src/asf/common/services/serial/usart_serial.o
 .debug_aranges
                0x00000798       0x18 src/asf/common/services/sleepmgr/xmega/sleepmgr.o
 .debug_aranges
                0x000007b0       0x40 src/asf/xmega/drivers/adc/adc.o
 .debug_aranges
                0x000007f0       0x38 src/asf/xmega/drivers/adc/xmega_bcd/adc_bcd.o
 .debug_aranges
                0x00000828       0x20 src/asf/xmega/drivers/cpu/ccp.o
 .debug_aranges
                0x00000848       0xc0 src/asf/xmega/drivers/nvm/nvm.o
 .debug_aranges
                0x00000908       0x28 src/asf/xmega/drivers/nvm/nvm_asm.o
 .debug_aranges
                0x00000930      0x138 src/asf/xmega/drivers/tc/tc.o
 .debug_aranges
                0x00000a68       0x60 src/asf/xmega/drivers/usart/usart.o
 .debug_aranges
                0x00000ac8       0x50 src/asf/xmega/drivers/wdt/wdt.o
 .debug_aranges
                0x00000b18       0x30 src/asf/xmega/services/pwm/pwm.o
 .debug_aranges
                0x00000b48       0xa0 src/bluetooth.o
 .debug_aranges
                0x00000be8       0x40 src/main.o
 .debug_aranges
                0x00000c28       0x20 c:/program files/atmel/atmel toolchain/avr8 gcc/native/3.4.2.876/avr8-gnu-toolchain/bin/../lib/gcc/avr/4.7.2/../../../../avr/lib/avrxmega4\libc.a(printf.o)
 .debug_aranges
                0x00000c48       0x20 c:/program files/atmel/atmel toolchain/avr8 gcc/native/3.4.2.876/avr8-gnu-toolchain/bin/../lib/gcc/avr/4.7.2/../../../../avr/lib/avrxmega4\libc.a(sprintf.o)
 .debug_aranges
                0x00000c68       0x20 c:/program files/atmel/atmel toolchain/avr8 gcc/native/3.4.2.876/avr8-gnu-toolchain/bin/../lib/gcc/avr/4.7.2/../../../../avr/lib/avrxmega4\libc.a(vfprintf_std.o)
 .debug_aranges
                0x00000c88       0x20 c:/program files/atmel/atmel toolchain/avr8 gcc/native/3.4.2.876/avr8-gnu-toolchain/bin/../lib/gcc/avr/4.7.2/../../../../avr/lib/avrxmega4\libc.a(fputc.o)
 .debug_aranges
                0x00000ca8       0x18 c:/program files/atmel/atmel toolchain/avr8 gcc/native/3.4.2.876/avr8-gnu-toolchain/bin/../lib/gcc/avr/4.7.2/../../../../avr/lib/avrxmega4\libc.a(iob.o)

.debug_pubnames
 *(.debug_pubnames)

.debug_info     0x00000000    0x1e5dd
 *(.debug_info)
 .debug_info    0x00000000      0xf24 src/analog.o
 .debug_info    0x00000f24     0x25bd src/asf/common/boards/user_board/init.o
 .debug_info    0x000034e1      0x720 src/battery_charger.o
 .debug_info    0x00003c01      0x8a0 src/bios.o
 .debug_info    0x000044a1      0x59c src/buttons.o
 .debug_info    0x00004a3d      0x6c7 src/configurations/keyboard_ios.o
 .debug_info    0x00005104      0x567 src/circular_buffer.o
 .debug_info    0x0000566b      0xe51 src/comm.o
 .debug_info    0x000064bc      0xabd src/configurations.o
 .debug_info    0x00006f79      0xa43 src/configurations/gamepad.o
 .debug_info    0x000079bc      0xa63 src/configurations/j_stick.o
 .debug_info    0x0000841f      0x71c src/configurations/keyboard.o
 .debug_info    0x00008b3b      0xcf4 src/configurations/keyboard_mouse.o
 .debug_info    0x0000982f      0x29e src/configurations/usb_serial.o
 .debug_info    0x00009acd      0x61f src/debug.o
 .debug_info    0x0000a0ec      0x480 src/drone_gamepad_config.o
 .debug_info    0x0000a56c      0x2d4 src/drone_game_configurations.o
 .debug_info    0x0000a840      0x4b2 src/drone_gsrs_config.o
 .debug_info    0x0000acf2      0x4b2 src/drone_gtel_config.o
 .debug_info    0x0000b1a4      0x480 src/drone_gtel_ios_config.o
 .debug_info    0x0000b624      0x4b2 src/drone_icp_config.o
 .debug_info    0x0000bad6      0x480 src/drone_ios_config.o
 .debug_info    0x0000bf56      0x480 src/drone_joystick_config.o
 .debug_info    0x0000c3d6      0x4b2 src/drone_keyboard_config.o
 .debug_info    0x0000c888      0x4b2 src/drone_keyboard_mouse_config.o
 .debug_info    0x0000cd3a      0x480 src/drone_ssf_arcade_config.o
 .debug_info    0x0000d1ba      0x4b2 src/drone_ssf_gamepad_config.o
 .debug_info    0x0000d66c      0x4b2 src/drone_xplay_config.o
 .debug_info    0x0000db1e      0x268 src/joysticks.o
 .debug_info    0x0000dd86     0x1477 src/ManufactureValidation.o
 .debug_info    0x0000f1fd      0x8c8 src/powerControl.o
 .debug_info    0x0000fac5     0x11c5 src/RGB_LED.o
 .debug_info    0x00010c8a      0x1ac src/shared.o
 .debug_info    0x00010e36      0x681 src/strings.o
 .debug_info    0x000114b7      0x3c4 src/system_time.o
 .debug_info    0x0001187b      0xffa src/systick.o
 .debug_info    0x00012875      0xe11 src/usb.o
 .debug_info    0x00013686      0x31f src/watchdog.o
 .debug_info    0x000139a5      0x65d src/asf/common/services/clock/xmega/sysclk.o
 .debug_info    0x00014002      0x12b src/asf/common/services/ioport/xmega/ioport_compat.o
 .debug_info    0x0001412d      0x38f src/asf/common/services/serial/usart_serial.o
 .debug_info    0x000144bc      0x133 src/asf/common/services/sleepmgr/xmega/sleepmgr.o
 .debug_info    0x000145ef      0x8e3 src/asf/xmega/drivers/adc/adc.o
 .debug_info    0x00014ed2      0xb8f src/asf/xmega/drivers/adc/xmega_bcd/adc_bcd.o
 .debug_info    0x00015a61       0x70 src/asf/xmega/drivers/cpu/ccp.o
 .debug_info    0x00015ad1     0x134d src/asf/xmega/drivers/nvm/nvm.o
 .debug_info    0x00016e1e       0x70 src/asf/xmega/drivers/nvm/nvm_asm.o
 .debug_info    0x00016e8e     0x1735 src/asf/xmega/drivers/tc/tc.o
 .debug_info    0x000185c3      0xe8e src/asf/xmega/drivers/usart/usart.o
 .debug_info    0x00019451      0x4ef src/asf/xmega/drivers/wdt/wdt.o
 .debug_info    0x00019940     0x139e src/asf/xmega/services/pwm/pwm.o
 .debug_info    0x0001acde     0x1288 src/bluetooth.o
 .debug_info    0x0001bf66     0x1a6e src/main.o
 .debug_info    0x0001d9d4      0x1fa c:/program files/atmel/atmel toolchain/avr8 gcc/native/3.4.2.876/avr8-gnu-toolchain/bin/../lib/gcc/avr/4.7.2/../../../../avr/lib/avrxmega4\libc.a(printf.o)
 .debug_info    0x0001dbce      0x204 c:/program files/atmel/atmel toolchain/avr8 gcc/native/3.4.2.876/avr8-gnu-toolchain/bin/../lib/gcc/avr/4.7.2/../../../../avr/lib/avrxmega4\libc.a(sprintf.o)
 .debug_info    0x0001ddd2      0x549 c:/program files/atmel/atmel toolchain/avr8 gcc/native/3.4.2.876/avr8-gnu-toolchain/bin/../lib/gcc/avr/4.7.2/../../../../avr/lib/avrxmega4\libc.a(vfprintf_std.o)
 .debug_info    0x0001e31b      0x174 c:/program files/atmel/atmel toolchain/avr8 gcc/native/3.4.2.876/avr8-gnu-toolchain/bin/../lib/gcc/avr/4.7.2/../../../../avr/lib/avrxmega4\libc.a(fputc.o)
 .debug_info    0x0001e48f      0x14e c:/program files/atmel/atmel toolchain/avr8 gcc/native/3.4.2.876/avr8-gnu-toolchain/bin/../lib/gcc/avr/4.7.2/../../../../avr/lib/avrxmega4\libc.a(iob.o)
 *(.gnu.linkonce.wi.*)

.debug_abbrev   0x00000000     0x657d
 *(.debug_abbrev)
 .debug_abbrev  0x00000000      0x370 src/analog.o
 .debug_abbrev  0x00000370      0x152 src/asf/common/boards/user_board/init.o
 .debug_abbrev  0x000004c2      0x215 src/battery_charger.o
 .debug_abbrev  0x000006d7      0x219 src/bios.o
 .debug_abbrev  0x000008f0      0x1e3 src/buttons.o
 .debug_abbrev  0x00000ad3      0x1bf src/configurations/keyboard_ios.o
 .debug_abbrev  0x00000c92      0x22c src/circular_buffer.o
 .debug_abbrev  0x00000ebe      0x37e src/comm.o
 .debug_abbrev  0x0000123c      0x22b src/configurations.o
 .debug_abbrev  0x00001467      0x1f5 src/configurations/gamepad.o
 .debug_abbrev  0x0000165c      0x1f5 src/configurations/j_stick.o
 .debug_abbrev  0x00001851      0x1ef src/configurations/keyboard.o
 .debug_abbrev  0x00001a40      0x247 src/configurations/keyboard_mouse.o
 .debug_abbrev  0x00001c87      0x15b src/configurations/usb_serial.o
 .debug_abbrev  0x00001de2      0x20f src/debug.o
 .debug_abbrev  0x00001ff1       0xe4 src/drone_gamepad_config.o
 .debug_abbrev  0x000020d5       0xec src/drone_game_configurations.o
 .debug_abbrev  0x000021c1       0xe4 src/drone_gsrs_config.o
 .debug_abbrev  0x000022a5       0xe4 src/drone_gtel_config.o
 .debug_abbrev  0x00002389       0xe4 src/drone_gtel_ios_config.o
 .debug_abbrev  0x0000246d       0xe4 src/drone_icp_config.o
 .debug_abbrev  0x00002551       0xe4 src/drone_ios_config.o
 .debug_abbrev  0x00002635       0xe4 src/drone_joystick_config.o
 .debug_abbrev  0x00002719       0xe4 src/drone_keyboard_config.o
 .debug_abbrev  0x000027fd       0xe4 src/drone_keyboard_mouse_config.o
 .debug_abbrev  0x000028e1       0xe4 src/drone_ssf_arcade_config.o
 .debug_abbrev  0x000029c5       0xe4 src/drone_ssf_gamepad_config.o
 .debug_abbrev  0x00002aa9       0xe4 src/drone_xplay_config.o
 .debug_abbrev  0x00002b8d       0xc8 src/joysticks.o
 .debug_abbrev  0x00002c55      0x34b src/ManufactureValidation.o
 .debug_abbrev  0x00002fa0      0x2b0 src/powerControl.o
 .debug_abbrev  0x00003250      0x27a src/RGB_LED.o
 .debug_abbrev  0x000034ca       0xd9 src/shared.o
 .debug_abbrev  0x000035a3       0x64 src/strings.o
 .debug_abbrev  0x00003607      0x1e2 src/system_time.o
 .debug_abbrev  0x000037e9      0x224 src/systick.o
 .debug_abbrev  0x00003a0d      0x343 src/usb.o
 .debug_abbrev  0x00003d50      0x13a src/watchdog.o
 .debug_abbrev  0x00003e8a      0x252 src/asf/common/services/clock/xmega/sysclk.o
 .debug_abbrev  0x000040dc       0x93 src/asf/common/services/ioport/xmega/ioport_compat.o
 .debug_abbrev  0x0000416f      0x18b src/asf/common/services/serial/usart_serial.o
 .debug_abbrev  0x000042fa       0x78 src/asf/common/services/sleepmgr/xmega/sleepmgr.o
 .debug_abbrev  0x00004372      0x27b src/asf/xmega/drivers/adc/adc.o
 .debug_abbrev  0x000045ed      0x354 src/asf/xmega/drivers/adc/xmega_bcd/adc_bcd.o
 .debug_abbrev  0x00004941       0x14 src/asf/xmega/drivers/cpu/ccp.o
 .debug_abbrev  0x00004955      0x3fb src/asf/xmega/drivers/nvm/nvm.o
 .debug_abbrev  0x00004d50       0x12 src/asf/xmega/drivers/nvm/nvm_asm.o
 .debug_abbrev  0x00004d62      0x2ae src/asf/xmega/drivers/tc/tc.o
 .debug_abbrev  0x00005010      0x3a2 src/asf/xmega/drivers/usart/usart.o
 .debug_abbrev  0x000053b2      0x15d src/asf/xmega/drivers/wdt/wdt.o
 .debug_abbrev  0x0000550f      0x29c src/asf/xmega/services/pwm/pwm.o
 .debug_abbrev  0x000057ab      0x395 src/bluetooth.o
 .debug_abbrev  0x00005b40      0x442 src/main.o
 .debug_abbrev  0x00005f82      0x149 c:/program files/atmel/atmel toolchain/avr8 gcc/native/3.4.2.876/avr8-gnu-toolchain/bin/../lib/gcc/avr/4.7.2/../../../../avr/lib/avrxmega4\libc.a(printf.o)
 .debug_abbrev  0x000060cb      0x12a c:/program files/atmel/atmel toolchain/avr8 gcc/native/3.4.2.876/avr8-gnu-toolchain/bin/../lib/gcc/avr/4.7.2/../../../../avr/lib/avrxmega4\libc.a(sprintf.o)
 .debug_abbrev  0x000061f5      0x1d6 c:/program files/atmel/atmel toolchain/avr8 gcc/native/3.4.2.876/avr8-gnu-toolchain/bin/../lib/gcc/avr/4.7.2/../../../../avr/lib/avrxmega4\libc.a(vfprintf_std.o)
 .debug_abbrev  0x000063cb       0xf1 c:/program files/atmel/atmel toolchain/avr8 gcc/native/3.4.2.876/avr8-gnu-toolchain/bin/../lib/gcc/avr/4.7.2/../../../../avr/lib/avrxmega4\libc.a(fputc.o)
 .debug_abbrev  0x000064bc       0xc1 c:/program files/atmel/atmel toolchain/avr8 gcc/native/3.4.2.876/avr8-gnu-toolchain/bin/../lib/gcc/avr/4.7.2/../../../../avr/lib/avrxmega4\libc.a(iob.o)

.debug_line     0x00000000    0x1e1df
 *(.debug_line)
 .debug_line    0x00000000      0x96a src/analog.o
 .debug_line    0x0000096a      0x85d src/asf/common/boards/user_board/init.o
 .debug_line    0x000011c7      0x92e src/battery_charger.o
 .debug_line    0x00001af5      0xa1f src/bios.o
 .debug_line    0x00002514      0x8b5 src/buttons.o
 .debug_line    0x00002dc9      0x995 src/configurations/keyboard_ios.o
 .debug_line    0x0000375e      0xaa8 src/circular_buffer.o
 .debug_line    0x00004206      0xc90 src/comm.o
 .debug_line    0x00004e96      0xa6c src/configurations.o
 .debug_line    0x00005902      0xb52 src/configurations/gamepad.o
 .debug_line    0x00006454      0xb58 src/configurations/j_stick.o
 .debug_line    0x00006fac      0x9bd src/configurations/keyboard.o
 .debug_line    0x00007969      0xc99 src/configurations/keyboard_mouse.o
 .debug_line    0x00008602      0x90b src/configurations/usb_serial.o
 .debug_line    0x00008f0d      0x943 src/debug.o
 .debug_line    0x00009850      0x8b2 src/drone_gamepad_config.o
 .debug_line    0x0000a102      0x8b7 src/drone_game_configurations.o
 .debug_line    0x0000a9b9      0x8af src/drone_gsrs_config.o
 .debug_line    0x0000b268      0x8af src/drone_gtel_config.o
 .debug_line    0x0000bb17      0x8b3 src/drone_gtel_ios_config.o
 .debug_line    0x0000c3ca      0x8ae src/drone_icp_config.o
 .debug_line    0x0000cc78      0x8ae src/drone_ios_config.o
 .debug_line    0x0000d526      0x8b3 src/drone_joystick_config.o
 .debug_line    0x0000ddd9      0x8b3 src/drone_keyboard_config.o
 .debug_line    0x0000e68c      0x8b9 src/drone_keyboard_mouse_config.o
 .debug_line    0x0000ef45      0x8b5 src/drone_ssf_arcade_config.o
 .debug_line    0x0000f7fa      0x8b6 src/drone_ssf_gamepad_config.o
 .debug_line    0x000100b0      0x8b0 src/drone_xplay_config.o
 .debug_line    0x00010960      0x85e src/joysticks.o
 .debug_line    0x000111be      0xce9 src/ManufactureValidation.o
 .debug_line    0x00011ea7      0xa2e src/powerControl.o
 .debug_line    0x000128d5      0xaa4 src/RGB_LED.o
 .debug_line    0x00013379      0x868 src/shared.o
 .debug_line    0x00013be1      0x25c src/strings.o
 .debug_line    0x00013e3d      0x977 src/system_time.o
 .debug_line    0x000147b4      0x912 src/systick.o
 .debug_line    0x000150c6      0xa56 src/usb.o
 .debug_line    0x00015b1c      0x90e src/watchdog.o
 .debug_line    0x0001642a      0x656 src/asf/common/services/clock/xmega/sysclk.o
 .debug_line    0x00016a80      0x4bf src/asf/common/services/ioport/xmega/ioport_compat.o
 .debug_line    0x00016f3f      0x6b0 src/asf/common/services/serial/usart_serial.o
 .debug_line    0x000175ef      0x466 src/asf/common/services/sleepmgr/xmega/sleepmgr.o
 .debug_line    0x00017a55      0x7bb src/asf/xmega/drivers/adc/adc.o
 .debug_line    0x00018210      0x860 src/asf/xmega/drivers/adc/xmega_bcd/adc_bcd.o
 .debug_line    0x00018a70       0x6e src/asf/xmega/drivers/cpu/ccp.o
 .debug_line    0x00018ade      0xc4a src/asf/xmega/drivers/nvm/nvm.o
 .debug_line    0x00019728      0x11f src/asf/xmega/drivers/nvm/nvm_asm.o
 .debug_line    0x00019847      0xd8d src/asf/xmega/drivers/tc/tc.o
 .debug_line    0x0001a5d4      0x928 src/asf/xmega/drivers/usart/usart.o
 .debug_line    0x0001aefc      0x57c src/asf/xmega/drivers/wdt/wdt.o
 .debug_line    0x0001b478      0xa8e src/asf/xmega/services/pwm/pwm.o
 .debug_line    0x0001bf06      0xc72 src/bluetooth.o
 .debug_line    0x0001cb78      0xf37 src/main.o
 .debug_line    0x0001daaf      0x148 c:/program files/atmel/atmel toolchain/avr8 gcc/native/3.4.2.876/avr8-gnu-toolchain/bin/../lib/gcc/avr/4.7.2/../../../../avr/lib/avrxmega4\libc.a(printf.o)
 .debug_line    0x0001dbf7      0x14e c:/program files/atmel/atmel toolchain/avr8 gcc/native/3.4.2.876/avr8-gnu-toolchain/bin/../lib/gcc/avr/4.7.2/../../../../avr/lib/avrxmega4\libc.a(sprintf.o)
 .debug_line    0x0001dd45      0x2ff c:/program files/atmel/atmel toolchain/avr8 gcc/native/3.4.2.876/avr8-gnu-toolchain/bin/../lib/gcc/avr/4.7.2/../../../../avr/lib/avrxmega4\libc.a(vfprintf_std.o)
 .debug_line    0x0001e044       0xda c:/program files/atmel/atmel toolchain/avr8 gcc/native/3.4.2.876/avr8-gnu-toolchain/bin/../lib/gcc/avr/4.7.2/../../../../avr/lib/avrxmega4\libc.a(fputc.o)
 .debug_line    0x0001e11e       0xc1 c:/program files/atmel/atmel toolchain/avr8 gcc/native/3.4.2.876/avr8-gnu-toolchain/bin/../lib/gcc/avr/4.7.2/../../../../avr/lib/avrxmega4\libc.a(iob.o)

.debug_frame    0x00000000     0x24b4
 *(.debug_frame)
 .debug_frame   0x00000000       0x54 src/analog.o
 .debug_frame   0x00000054       0x54 src/asf/common/boards/user_board/init.o
 .debug_frame   0x000000a8       0x34 src/battery_charger.o
 .debug_frame   0x000000dc       0x34 src/bios.o
 .debug_frame   0x00000110       0x24 src/buttons.o
 .debug_frame   0x00000134       0x3c src/configurations/keyboard_ios.o
 .debug_frame   0x00000170       0xc4 src/circular_buffer.o
 .debug_frame   0x00000234      0x1ac src/comm.o
 .debug_frame   0x000003e0       0x7c src/configurations.o
 .debug_frame   0x0000045c       0x74 src/configurations/gamepad.o
 .debug_frame   0x000004d0       0x74 src/configurations/j_stick.o
 .debug_frame   0x00000544       0x98 src/configurations/keyboard.o
 .debug_frame   0x000005dc       0xd4 src/configurations/keyboard_mouse.o
 .debug_frame   0x000006b0       0x40 src/configurations/usb_serial.o
 .debug_frame   0x000006f0       0x80 src/debug.o
 .debug_frame   0x00000770      0x3c4 src/ManufactureValidation.o
 .debug_frame   0x00000b34       0x90 src/powerControl.o
 .debug_frame   0x00000bc4       0x70 src/RGB_LED.o
 .debug_frame   0x00000c34       0x30 src/shared.o
 .debug_frame   0x00000c64       0xc8 src/system_time.o
 .debug_frame   0x00000d2c       0x68 src/systick.o
 .debug_frame   0x00000d94      0x17c src/usb.o
 .debug_frame   0x00000f10       0x64 src/watchdog.o
 .debug_frame   0x00000f74       0x44 src/asf/common/services/clock/xmega/sysclk.o
 .debug_frame   0x00000fb8       0x30 src/asf/common/services/ioport/xmega/ioport_compat.o
 .debug_frame   0x00000fe8       0x74 src/asf/common/services/serial/usart_serial.o
 .debug_frame   0x0000105c       0x7c src/asf/xmega/drivers/adc/adc.o
 .debug_frame   0x000010d8       0xc4 src/asf/xmega/drivers/adc/xmega_bcd/adc_bcd.o
 .debug_frame   0x0000119c      0x348 src/asf/xmega/drivers/nvm/nvm.o
 .debug_frame   0x000014e4      0xa44 src/asf/xmega/drivers/tc/tc.o
 .debug_frame   0x00001f28      0x13c src/asf/xmega/drivers/usart/usart.o
 .debug_frame   0x00002064       0x84 src/asf/xmega/drivers/wdt/wdt.o
 .debug_frame   0x000020e8       0x84 src/asf/xmega/services/pwm/pwm.o
 .debug_frame   0x0000216c      0x15c src/bluetooth.o
 .debug_frame   0x000022c8       0xbc src/main.o
 .debug_frame   0x00002384       0x34 c:/program files/atmel/atmel toolchain/avr8 gcc/native/3.4.2.876/avr8-gnu-toolchain/bin/../lib/gcc/avr/4.7.2/../../../../avr/lib/avrxmega4\libc.a(printf.o)
 .debug_frame   0x000023b8       0x40 c:/program files/atmel/atmel toolchain/avr8 gcc/native/3.4.2.876/avr8-gnu-toolchain/bin/../lib/gcc/avr/4.7.2/../../../../avr/lib/avrxmega4\libc.a(sprintf.o)
 .debug_frame   0x000023f8       0x84 c:/program files/atmel/atmel toolchain/avr8 gcc/native/3.4.2.876/avr8-gnu-toolchain/bin/../lib/gcc/avr/4.7.2/../../../../avr/lib/avrxmega4\libc.a(vfprintf_std.o)
 .debug_frame   0x0000247c       0x38 c:/program files/atmel/atmel toolchain/avr8 gcc/native/3.4.2.876/avr8-gnu-toolchain/bin/../lib/gcc/avr/4.7.2/../../../../avr/lib/avrxmega4\libc.a(fputc.o)

.debug_str      0x00000000    0x207c2
 *(.debug_str)
 .debug_str     0x00000000    0x1b2e8 src/analog.o
                              0x1b94a (size before relaxing)
 .debug_str     0x0001b2e8      0x26b src/asf/common/boards/user_board/init.o
                              0x19a6d (size before relaxing)
 .debug_str     0x0001b553       0xda src/battery_charger.o
                              0x1b098 (size before relaxing)
 .debug_str     0x0001b62d      0x3fa src/bios.o
                              0x1b387 (size before relaxing)
 .debug_str     0x0001ba27       0x83 src/buttons.o
                              0x1b04a (size before relaxing)
 .debug_str     0x0001baaa      0x291 src/configurations/keyboard_ios.o
                              0x1b13e (size before relaxing)
 .debug_str     0x0001bd3b       0xee src/circular_buffer.o
                              0x1aead (size before relaxing)
 .debug_str     0x0001be29      0x3fb src/comm.o
                              0x1b4be (size before relaxing)
 .debug_str     0x0001c224      0x43b src/configurations.o
                              0x1b669 (size before relaxing)
 .debug_str     0x0001c65f      0x165 src/configurations/gamepad.o
                              0x1b597 (size before relaxing)
 .debug_str     0x0001c7c4       0xf0 src/configurations/j_stick.o
                              0x1b58e (size before relaxing)
 .debug_str     0x0001c8b4       0xcf src/configurations/keyboard.o
                              0x1b346 (size before relaxing)
 .debug_str     0x0001c983      0x2cc src/configurations/keyboard_mouse.o
                              0x1b7a4 (size before relaxing)
 .debug_str     0x0001cc4f       0x57 src/configurations/usb_serial.o
                              0x1af08 (size before relaxing)
 .debug_str     0x0001cca6      0x3cb src/debug.o
                              0x1b270 (size before relaxing)
 .debug_str     0x0001d071       0x1e src/drone_gamepad_config.o
                              0x1b084 (size before relaxing)
 .debug_str     0x0001d08f       0x23 src/drone_game_configurations.o
                              0x1afcf (size before relaxing)
 .debug_str     0x0001d0b2       0x1b src/drone_gsrs_config.o
                              0x1b0df (size before relaxing)
 .debug_str     0x0001d0cd       0x1b src/drone_gtel_config.o
                              0x1b0df (size before relaxing)
 .debug_str     0x0001d0e8       0x1f src/drone_gtel_ios_config.o
                              0x1b086 (size before relaxing)
 .debug_str     0x0001d107       0x1a src/drone_icp_config.o
                              0x1b0dd (size before relaxing)
 .debug_str     0x0001d121       0x1a src/drone_ios_config.o
                              0x1b07c (size before relaxing)
 .debug_str     0x0001d13b       0x1f src/drone_joystick_config.o
                              0x1b086 (size before relaxing)
 .debug_str     0x0001d15a       0x1f src/drone_keyboard_config.o
                              0x1b0e7 (size before relaxing)
 .debug_str     0x0001d179       0x25 src/drone_keyboard_mouse_config.o
                              0x1b0f3 (size before relaxing)
 .debug_str     0x0001d19e       0x21 src/drone_ssf_arcade_config.o
                              0x1b08a (size before relaxing)
 .debug_str     0x0001d1bf       0x3b src/drone_ssf_gamepad_config.o
                              0x1b0ed (size before relaxing)
 .debug_str     0x0001d1fa       0x2f src/drone_xplay_config.o
                              0x1b0e1 (size before relaxing)
 .debug_str     0x0001d229       0x13 src/joysticks.o
                              0x1af7f (size before relaxing)
 .debug_str     0x0001d23c      0x6da src/ManufactureValidation.o
                              0x1b976 (size before relaxing)
 .debug_str     0x0001d916       0xd2 src/powerControl.o
                              0x1b2bc (size before relaxing)
 .debug_str     0x0001d9e8      0x436 src/RGB_LED.o
                              0x1b36a (size before relaxing)
 .debug_str     0x0001de1e       0x2e src/shared.o
                              0x1adab (size before relaxing)
 .debug_str     0x0001de4c      0x1ea src/strings.o
                              0x12409 (size before relaxing)
 .debug_str     0x0001e036       0x5f src/system_time.o
                              0x1ae5c (size before relaxing)
 .debug_str     0x0001e095      0x32c src/systick.o
                              0x1b3c6 (size before relaxing)
 .debug_str     0x0001e3c1      0x249 src/usb.o
                              0x1b606 (size before relaxing)
 .debug_str     0x0001e60a      0x207 src/watchdog.o
                              0x1b040 (size before relaxing)
 .debug_str     0x0001e811      0x14e src/asf/common/services/clock/xmega/sysclk.o
                              0x1a356 (size before relaxing)
 .debug_str     0x0001e95f       0x77 src/asf/common/services/ioport/xmega/ioport_compat.o
                              0x18b78 (size before relaxing)
 .debug_str     0x0001e9d6       0xa5 src/asf/common/services/serial/usart_serial.o
                              0x1a2bc (size before relaxing)
 .debug_str     0x0001ea7b       0xb3 src/asf/common/services/sleepmgr/xmega/sleepmgr.o
                              0x189b8 (size before relaxing)
 .debug_str     0x0001eb2e      0x1f5 src/asf/xmega/drivers/adc/adc.o
                              0x1adda (size before relaxing)
 .debug_str     0x0001ed23      0x391 src/asf/xmega/drivers/adc/xmega_bcd/adc_bcd.o
                              0x1af78 (size before relaxing)
 .debug_str     0x0001f0b4      0x50d src/asf/xmega/drivers/nvm/nvm.o
                              0x1901b (size before relaxing)
 .debug_str     0x0001f5c1      0x4dd src/asf/xmega/drivers/tc/tc.o
                              0x1ae55 (size before relaxing)
 .debug_str     0x0001fa9e      0x278 src/asf/xmega/drivers/usart/usart.o
                              0x1aa4b (size before relaxing)
 .debug_str     0x0001fd16      0x385 src/asf/xmega/drivers/wdt/wdt.o
                              0x18a37 (size before relaxing)
 .debug_str     0x0002009b       0x8f src/asf/xmega/services/pwm/pwm.o
                              0x1b79a (size before relaxing)
 .debug_str     0x0002012a      0x199 src/bluetooth.o
                              0x1b611 (size before relaxing)
 .debug_str     0x000202c3      0x2db src/main.o
                              0x1c05a (size before relaxing)
 .debug_str     0x0002059e       0x8a c:/program files/atmel/atmel toolchain/avr8 gcc/native/3.4.2.876/avr8-gnu-toolchain/bin/../lib/gcc/avr/4.7.2/../../../../avr/lib/avrxmega4\libc.a(printf.o)
                                0x12b (size before relaxing)
 .debug_str     0x00020628       0x4f c:/program files/atmel/atmel toolchain/avr8 gcc/native/3.4.2.876/avr8-gnu-toolchain/bin/../lib/gcc/avr/4.7.2/../../../../avr/lib/avrxmega4\libc.a(sprintf.o)
                                0x127 (size before relaxing)
 .debug_str     0x00020677       0xb3 c:/program files/atmel/atmel toolchain/avr8 gcc/native/3.4.2.876/avr8-gnu-toolchain/bin/../lib/gcc/avr/4.7.2/../../../../avr/lib/avrxmega4\libc.a(vfprintf_std.o)
                                0x198 (size before relaxing)
 .debug_str     0x0002072a       0x4d c:/program files/atmel/atmel toolchain/avr8 gcc/native/3.4.2.876/avr8-gnu-toolchain/bin/../lib/gcc/avr/4.7.2/../../../../avr/lib/avrxmega4\libc.a(fputc.o)
                                 0xf8 (size before relaxing)
 .debug_str     0x00020777       0x4b c:/program files/atmel/atmel toolchain/avr8 gcc/native/3.4.2.876/avr8-gnu-toolchain/bin/../lib/gcc/avr/4.7.2/../../../../avr/lib/avrxmega4\libc.a(iob.o)
                                 0xf8 (size before relaxing)

.debug_loc      0x00000000     0x9ccb
 *(.debug_loc)
 .debug_loc     0x00000000       0x85 src/analog.o
 .debug_loc     0x00000085      0x702 src/asf/common/boards/user_board/init.o
 .debug_loc     0x00000787       0xbd src/battery_charger.o
 .debug_loc     0x00000844       0xbc src/bios.o
 .debug_loc     0x00000900      0x177 src/buttons.o
 .debug_loc     0x00000a77       0xe1 src/configurations/keyboard_ios.o
 .debug_loc     0x00000b58      0x4e2 src/circular_buffer.o
 .debug_loc     0x0000103a      0x67a src/comm.o
 .debug_loc     0x000016b4      0x1d0 src/configurations.o
 .debug_loc     0x00001884      0x2ed src/configurations/gamepad.o
 .debug_loc     0x00001b71      0x2fc src/configurations/j_stick.o
 .debug_loc     0x00001e6d      0x27a src/configurations/keyboard.o
 .debug_loc     0x000020e7      0x6ec src/configurations/keyboard_mouse.o
 .debug_loc     0x000027d3       0xd8 src/configurations/usb_serial.o
 .debug_loc     0x000028ab      0x129 src/debug.o
 .debug_loc     0x000029d4      0xed1 src/ManufactureValidation.o
 .debug_loc     0x000038a5      0x1ec src/powerControl.o
 .debug_loc     0x00003a91      0x315 src/RGB_LED.o
 .debug_loc     0x00003da6       0xc7 src/shared.o
 .debug_loc     0x00003e6d      0x23a src/system_time.o
 .debug_loc     0x000040a7       0x7f src/systick.o
 .debug_loc     0x00004126      0x48b src/usb.o
 .debug_loc     0x000045b1       0x74 src/watchdog.o
 .debug_loc     0x00004625      0x1a8 src/asf/common/services/clock/xmega/sysclk.o
 .debug_loc     0x000047cd       0x43 src/asf/common/services/ioport/xmega/ioport_compat.o
 .debug_loc     0x00004810      0x280 src/asf/common/services/serial/usart_serial.o
 .debug_loc     0x00004a90      0x1c6 src/asf/xmega/drivers/adc/adc.o
 .debug_loc     0x00004c56      0x483 src/asf/xmega/drivers/adc/xmega_bcd/adc_bcd.o
 .debug_loc     0x000050d9     0x1138 src/asf/xmega/drivers/nvm/nvm.o
 .debug_loc     0x00006211     0x196a src/asf/xmega/drivers/tc/tc.o